Archive member included to satisfy reference by file (symbol)

.\CortexM3\ARM_GCC_541\Debug\AY1920_II_HW_05_PROJ_3.a(UART_Debug.o)
                              .\CortexM3\ARM_GCC_541\Debug\main.o (UART_Debug_Start)
.\CortexM3\ARM_GCC_541\Debug\AY1920_II_HW_05_PROJ_3.a(I2C_Master.o)
                              .\CortexM3\ARM_GCC_541\Debug\I2C_Interface.o (I2C_Master_Start)
.\CortexM3\ARM_GCC_541\Debug\AY1920_II_HW_05_PROJ_3.a(I2C_Master_INT.o)
                              .\CortexM3\ARM_GCC_541\Debug\AY1920_II_HW_05_PROJ_3.a(I2C_Master.o) (I2C_Master_ISR)
.\CortexM3\ARM_GCC_541\Debug\AY1920_II_HW_05_PROJ_3.a(I2C_Master_PM.o)
                              .\CortexM3\ARM_GCC_541\Debug\AY1920_II_HW_05_PROJ_3.a(I2C_Master.o) (I2C_Master_backup)
.\CortexM3\ARM_GCC_541\Debug\AY1920_II_HW_05_PROJ_3.a(I2C_Master_MASTER.o)
                              .\CortexM3\ARM_GCC_541\Debug\AY1920_II_HW_05_PROJ_3.a(I2C_Master.o) (I2C_Master_mstrStatus)
.\CortexM3\ARM_GCC_541\Debug\AY1920_II_HW_05_PROJ_3.a(UART_Debug_IntClock.o)
                              .\CortexM3\ARM_GCC_541\Debug\AY1920_II_HW_05_PROJ_3.a(UART_Debug.o) (UART_Debug_IntClock_Start)
.\CortexM3\ARM_GCC_541\Debug\AY1920_II_HW_05_PROJ_3.a(CyLib.o)
                              .\CortexM3\ARM_GCC_541\Debug\Cm3Start.o (CyHalt)
.\CortexM3\ARM_GCC_541\Debug\AY1920_II_HW_05_PROJ_3.a(cyPm.o)
                              .\CortexM3\ARM_GCC_541\Debug\AY1920_II_HW_05_PROJ_3.a(CyLib.o) (CyPmReadStatus)
.\CortexM3\ARM_GCC_541\Debug\AY1920_II_HW_05_PROJ_3.a(CyBootAsmGnu.o)
                              .\CortexM3\ARM_GCC_541\Debug\cyfitter_cfg.o (CyDelayCycles)
.\CortexM3\ARM_GCC_541\Debug\AY1920_II_HW_05_PROJ_3.a(CyFlash.o)
                              .\CortexM3\ARM_GCC_541\Debug\AY1920_II_HW_05_PROJ_3.a(cyPm.o) (CyFlash_SetWaitCycles)
.\CortexM3\ARM_GCC_541\Debug\AY1920_II_HW_05_PROJ_3.a(CySpc.o)
                              .\CortexM3\ARM_GCC_541\Debug\AY1920_II_HW_05_PROJ_3.a(CyFlash.o) (CySpcStart)
c:/program files (x86)/cypress/psoc creator/4.3/psoc creator/import/gnu/arm/5.4.1/bin/../lib/gcc/arm-none-eabi/5.4.1/armv7-m\libgcc.a(_arm_addsubdf3.o)
                              .\CortexM3\ARM_GCC_541\Debug\main.o (__aeabi_f2d)
c:/program files (x86)/cypress/psoc creator/4.3/psoc creator/import/gnu/arm/5.4.1/bin/../lib/gcc/arm-none-eabi/5.4.1/armv7-m\libgcc.a(_arm_muldivdf3.o)
                              .\CortexM3\ARM_GCC_541\Debug\main.o (__aeabi_dmul)
c:/program files (x86)/cypress/psoc creator/4.3/psoc creator/import/gnu/arm/5.4.1/bin/../lib/gcc/arm-none-eabi/5.4.1/armv7-m\libgcc.a(_arm_truncdfsf2.o)
                              .\CortexM3\ARM_GCC_541\Debug\main.o (__aeabi_d2f)
c:/program files (x86)/cypress/psoc creator/4.3/psoc creator/import/gnu/arm/5.4.1/bin/../lib/gcc/arm-none-eabi/5.4.1/armv7-m\libgcc.a(_arm_addsubsf3.o)
                              .\CortexM3\ARM_GCC_541\Debug\main.o (__aeabi_i2f)
c:/program files (x86)/cypress/psoc creator/4.3/psoc creator/import/gnu/arm/5.4.1/bin/../lib/gcc/arm-none-eabi/5.4.1/../../../../arm-none-eabi/lib/armv7-m\libg_nano.a(lib_a-errno.o)
                              .\CortexM3\ARM_GCC_541\Debug\Cm3Start.o (__errno)
c:/program files (x86)/cypress/psoc creator/4.3/psoc creator/import/gnu/arm/5.4.1/bin/../lib/gcc/arm-none-eabi/5.4.1/../../../../arm-none-eabi/lib/armv7-m\libg_nano.a(lib_a-exit.o)
                              c:/program files (x86)/cypress/psoc creator/4.3/psoc creator/import/gnu/arm/5.4.1/bin/../lib/gcc/arm-none-eabi/5.4.1/../../../../arm-none-eabi/lib/armv7-m/crt0.o (exit)
c:/program files (x86)/cypress/psoc creator/4.3/psoc creator/import/gnu/arm/5.4.1/bin/../lib/gcc/arm-none-eabi/5.4.1/../../../../arm-none-eabi/lib/armv7-m\libg_nano.a(lib_a-impure.o)
                              c:/program files (x86)/cypress/psoc creator/4.3/psoc creator/import/gnu/arm/5.4.1/bin/../lib/gcc/arm-none-eabi/5.4.1/../../../../arm-none-eabi/lib/armv7-m\libg_nano.a(lib_a-exit.o) (_global_impure_ptr)
c:/program files (x86)/cypress/psoc creator/4.3/psoc creator/import/gnu/arm/5.4.1/bin/../lib/gcc/arm-none-eabi/5.4.1/../../../../arm-none-eabi/lib/armv7-m\libg_nano.a(lib_a-init.o)
                              c:/program files (x86)/cypress/psoc creator/4.3/psoc creator/import/gnu/arm/5.4.1/bin/../lib/gcc/arm-none-eabi/5.4.1/../../../../arm-none-eabi/lib/armv7-m/crt0.o (__libc_init_array)
c:/program files (x86)/cypress/psoc creator/4.3/psoc creator/import/gnu/arm/5.4.1/bin/../lib/gcc/arm-none-eabi/5.4.1/../../../../arm-none-eabi/lib/armv7-m\libg_nano.a(lib_a-memcpy-stub.o)
                              .\CortexM3\ARM_GCC_541\Debug\cyfitter_cfg.o (memcpy)
c:/program files (x86)/cypress/psoc creator/4.3/psoc creator/import/gnu/arm/5.4.1/bin/../lib/gcc/arm-none-eabi/5.4.1/../../../../arm-none-eabi/lib/armv7-m\libg_nano.a(lib_a-memset.o)
[...]
Memory Configuration

Name             Origin             Length             Attributes
rom              0x00000000         0x00040000         xr
ram              0x1fff8000         0x00010000         xrw
*default*        0x00000000         0xffffffff

Linker script and memory map

LOAD c:/program files (x86)/cypress/psoc creator/4.3/psoc creator/import/gnu/arm/5.4.1/bin/../lib/gcc/arm-none-eabi/5.4.1/armv7-m/crti.o
LOAD c:/program files (x86)/cypress/psoc creator/4.3/psoc creator/import/gnu/arm/5.4.1/bin/../lib/gcc/arm-none-eabi/5.4.1/armv7-m/crtbegin.o
LOAD c:/program files (x86)/cypress/psoc creator/4.3/psoc creator/import/gnu/arm/5.4.1/bin/../lib/gcc/arm-none-eabi/5.4.1/../../../../arm-none-eabi/lib/armv7-m/crt0.o
START GROUP
LOAD .\CortexM3\ARM_GCC_541\Debug\main.o
LOAD .\CortexM3\ARM_GCC_541\Debug\I2C_Interface.o
LOAD .\CortexM3\ARM_GCC_541\Debug\cyfitter_cfg.o
LOAD .\CortexM3\ARM_GCC_541\Debug\cymetadata.o
LOAD .\CortexM3\ARM_GCC_541\Debug\Cm3Start.o
LOAD .\CortexM3\ARM_GCC_541\Debug\AY1920_II_HW_05_PROJ_3.a
LOAD C:\Program Files (x86)\Cypress\PSoC Creator\4.3\PSoC Creator\psoc\content\cycomponentlibrary\CyComponentLibrary.cylib\CortexM3\ARM_GCC_541\Debug\CyComponentLibrary.a
LOAD c:/program files (x86)/cypress/psoc creator/4.3/psoc creator/import/gnu/arm/5.4.1/bin/../lib/gcc/arm-none-eabi/5.4.1/../../../../arm-none-eabi/lib/armv7-m\libm.a
END GROUP
START GROUP
LOAD c:/program files (x86)/cypress/psoc creator/4.3/psoc creator/import/gnu/arm/5.4.1/bin/../lib/gcc/arm-none-eabi/5.4.1/armv7-m\libgcc.a
LOAD c:/program files (x86)/cypress/psoc creator/4.3/psoc creator/import/gnu/arm/5.4.1/bin/../lib/gcc/arm-none-eabi/5.4.1/../../../../arm-none-eabi/lib/armv7-m\libg_nano.a
LOAD c:/program files (x86)/cypress/psoc creator/4.3/psoc creator/import/gnu/arm/5.4.1/bin/../lib/gcc/arm-none-eabi/5.4.1/../../../../arm-none-eabi/lib/armv7-m\libc_nano.a
END GROUP
START GROUP
LOAD c:/program files (x86)/cypress/psoc creator/4.3/psoc creator/import/gnu/arm/5.4.1/bin/../lib/gcc/arm-none-eabi/5.4.1/armv7-m\libgcc.a
LOAD c:/program files (x86)/cypress/psoc creator/4.3/psoc creator/import/gnu/arm/5.4.1/bin/../lib/gcc/arm-none-eabi/5.4.1/../../../../arm-none-eabi/lib/armv7-m\libc_nano.a
END GROUP
LOAD c:/program files (x86)/cypress/psoc creator/4.3/psoc creator/import/gnu/arm/5.4.1/bin/../lib/gcc/arm-none-eabi/5.4.1/armv7-m/crtend.o
LOAD c:/program files (x86)/cypress/psoc creator/4.3/psoc creator/import/gnu/arm/5.4.1/bin/../lib/gcc/arm-none-eabi/5.4.1/armv7-m/crtn.o
START GROUP
LOAD c:/program files (x86)/cypress/psoc creator/4.3/psoc creator/import/gnu/arm/5.4.1/bin/../lib/gcc/arm-none-eabi/5.4.1/armv7-m\libgcc.a
LOAD c:/program files (x86)/cypress/psoc creator/4.3/psoc creator/import/gnu/arm/5.4.1/bin/../lib/gcc/arm-none-eabi/5.4.1/../../../../arm-none-eabi/lib/armv7-m\libc.a
LOAD c:/program files (x86)/cypress/psoc creator/4.3/psoc creator/import/gnu/arm/5.4.1/bin/../lib/gcc/arm-none-eabi/5.4.1/../../../../arm-none-eabi/lib/armv7-m\libnosys.a
END GROUP
                0x00000000                CY_APPL_ORIGIN = 0x0
                0x00000100                CY_FLASH_ROW_SIZE = 0x100
                0x00000020                CY_ECC_ROW_SIZE = 0x20
                0x00000000                CY_EE_IN_BTLDR = 0x0
                0x00000000                CY_APPL_LOADABLE = 0x0
                0x00000800                CY_EE_SIZE = 0x800
                0x00000001                CY_APPL_NUM = 0x1
                0x00000001                CY_APPL_MAX = 0x1
                0x00000040                CY_METADATA_SIZE = 0x40
                0x00000000                CY_APPL_LOADABLE = 0x0
                0x00000000                CY_CHECKSUM_EXCLUDE_SIZE = ALIGN (0x0, CY_FLASH_ROW_SIZE)
                [!provide]                PROVIDE (__cy_heap_start, _end)
                0x00000001                PROVIDE (__cy_region_num, ((__cy_regions_end - __cy_regions) / 0x10))
                0x20008000                PROVIDE (__cy_stack, (ORIGIN (ram) + LENGTH (ram)))
                [!provide]                PROVIDE (__cy_heap_end, (__cy_stack - 0x800))

.cybootloader   0x00000000        0x0
 *(.cybootloader)
                0x00000000                appl1_start = CY_APPL_ORIGIN?CY_APPL_ORIGIN:ALIGN (CY_FLASH_ROW_SIZE)
                0x0001ff00                appl2_start = (appl1_start + ALIGN ((((LENGTH (rom) - appl1_start) - (0x2 * CY_FLASH_ROW_SIZE)) / 0x2), CY_FLASH_ROW_SIZE))
                0x00000000                appl_start = (CY_APPL_NUM == 0x1)?appl1_start:appl2_start
                0x00000000                ecc_offset = ((appl_start / CY_FLASH_ROW_SIZE) * CY_ECC_ROW_SIZE)
                0x00000000                ee_offset = (CY_APPL_LOADABLE && ! (CY_EE_IN_BTLDR))?((CY_EE_SIZE / CY_APPL_MAX) * (CY_APPL_NUM - 0x1)):0x0
                0x00000800                ee_size = (CY_APPL_LOADABLE && ! (CY_EE_IN_BTLDR))?(CY_EE_SIZE / CY_APPL_MAX):CY_EE_SIZE
                [!provide]                PROVIDE (CY_ECC_OFFSET, ecc_offset)

.text           0x00000000     0x3b04
 CREATE_OBJECT_SYMBOLS
                0x00000000                PROVIDE (__cy_interrupt_vector, RomVectors)
 *(.romvectors)
 .romvectors    0x00000000       0x10 .\CortexM3\ARM_GCC_541\Debug\Cm3Start.o
                0x00000000                RomVectors
                0x00000001                ASSERT ((. != __cy_interrupt_vector), No interrupt vector)
                0x00000001                ASSERT (CY_APPL_ORIGIN?(SIZEOF (.cybootloader) <= CY_APPL_ORIGIN):0x1, Wrong image location)
                0x00000010                PROVIDE (__cy_reset, Reset)
 *(.text.Reset)
 .text.Reset    0x00000010       0x18 .\CortexM3\ARM_GCC_541\Debug\Cm3Start.o
                0x00000010                Reset
                0x00000001                ASSERT ((. != __cy_reset), No reset code)
 *(.dma_init)
                0x00000001                ASSERT ((((appl_start + .) <= 0x10000) || 0x1), DMA Init must be within the first 64k of flash)
 *(.text .text.* .gnu.linkonce.t.*)
 .text          0x00000028       0x5c c:/program files (x86)/cypress/psoc creator/4.3/psoc creator/import/gnu/arm/5.4.1/bin/../lib/gcc/arm-none-eabi/5.4.1/armv7-m/crtbegin.o
 *fill*         0x00000084        0x4 
 .text.main     0x00000088      0x2e4 .\CortexM3\ARM_GCC_541\Debug\main.o
                0x00000088                main
 .text.I2C_Peripheral_Start
                0x0000036c        0xc .\CortexM3\ARM_GCC_541\Debug\I2C_Interface.o
                0x0000036c                I2C_Peripheral_Start
 .text.I2C_Peripheral_ReadRegister
                0x00000378       0x3c .\CortexM3\ARM_GCC_541\Debug\I2C_Interface.o
                0x00000378                I2C_Peripheral_ReadRegister
 .text.I2C_Peripheral_ReadRegisterMulti
                0x000003b4       0x5c .\CortexM3\ARM_GCC_541\Debug\I2C_Interface.o
                0x000003b4                I2C_Peripheral_ReadRegisterMulti
 .text.I2C_Peripheral_WriteRegister
                0x00000410       0x30 .\CortexM3\ARM_GCC_541\Debug\I2C_Interface.o
                0x00000410                I2C_Peripheral_WriteRegister
 .text.I2C_Peripheral_IsDeviceConnected
                0x00000440       0x18 .\CortexM3\ARM_GCC_541\Debug\I2C_Interface.o
                0x00000440                I2C_Peripheral_IsDeviceConnected
 .text.CyClockStartupError
                0x00000458        0x4 .\CortexM3\ARM_GCC_541\Debug\cyfitter_cfg.o
 .text.cfg_write_bytes32
                0x0000045c       0x34 .\CortexM3\ARM_GCC_541\Debug\cyfitter_cfg.o
 .text.AnalogSetDefault
                0x00000490       0x28 .\CortexM3\ARM_GCC_541\Debug\cyfitter_cfg.o
 .text.CYMEMZERO
                0x000004b8        0xc .\CortexM3\ARM_GCC_541\Debug\cyfitter_cfg.o
 .text.ClockSetup
                0x000004c4       0xb8 .\CortexM3\ARM_GCC_541\Debug\cyfitter_cfg.o
 .text.CYCONFIGCPY
                0x0000057c        0x8 .\CortexM3\ARM_GCC_541\Debug\cyfitter_cfg.o
 .text.cyfitter_cfg
                0x00000584      0x110 .\CortexM3\ARM_GCC_541\Debug\cyfitter_cfg.o
                0x00000584                cyfitter_cfg
 .text.IntDefaultHandler
                0x00000694       0x10 .\CortexM3\ARM_GCC_541\Debug\Cm3Start.o
                0x00000694                IntDefaultHandler
 .text._sbrk    0x000006a4       0x30 .\CortexM3\ARM_GCC_541\Debug\Cm3Start.o
                0x000006a4                _sbrk
 .text.Start_c  0x000006d4       0x4c .\CortexM3\ARM_GCC_541\Debug\Cm3Start.o
                0x000006d4                Start_c
 .text.initialize_psoc
                0x00000720       0x68 .\CortexM3\ARM_GCC_541\Debug\Cm3Start.o
                0x00000720                initialize_psoc
 .text.UART_Debug_Init
                0x00000788       0x24 .\CortexM3\ARM_GCC_541\Debug\AY1920_II_HW_05_PROJ_3.a(UART_Debug.o)
                0x00000788                UART_Debug_Init
 .text.UART_Debug_Enable
                0x000007ac       0x38 .\CortexM3\ARM_GCC_541\Debug\AY1920_II_HW_05_PROJ_3.a(UART_Debug.o)
                0x000007ac                UART_Debug_Enable
 .text.UART_Debug_Start
                0x000007e4       0x1c .\CortexM3\ARM_GCC_541\Debug\AY1920_II_HW_05_PROJ_3.a(UART_Debug.o)
                0x000007e4                UART_Debug_Start
 .text.UART_Debug_PutChar
                0x00000800       0x18 .\CortexM3\ARM_GCC_541\Debug\AY1920_II_HW_05_PROJ_3.a(UART_Debug.o)
                0x00000800                UART_Debug_PutChar
 .text.UART_Debug_PutString
                0x00000818       0x24 .\CortexM3\ARM_GCC_541\Debug\AY1920_II_HW_05_PROJ_3.a(UART_Debug.o)
                0x00000818                UART_Debug_PutString
 .text.UART_Debug_PutArray
                0x0000083c       0x28 .\CortexM3\ARM_GCC_541\Debug\AY1920_II_HW_05_PROJ_3.a(UART_Debug.o)
                0x0000083c                UART_Debug_PutArray
 .text.I2C_Master_Init
                0x00000864       0x68 .\CortexM3\ARM_GCC_541\Debug\AY1920_II_HW_05_PROJ_3.a(I2C_Master.o)
                0x00000864                I2C_Master_Init
 .text.I2C_Master_Enable
                0x000008cc       0x24 .\CortexM3\ARM_GCC_541\Debug\AY1920_II_HW_05_PROJ_3.a(I2C_Master.o)
                0x000008cc                I2C_Master_Enable
 .text.I2C_Master_Start
                0x000008f0       0x28 .\CortexM3\ARM_GCC_541\Debug\AY1920_II_HW_05_PROJ_3.a(I2C_Master.o)
                0x000008f0                I2C_Master_Start
 .text.I2C_Master_ISR
                0x00000918      0x2d0 .\CortexM3\ARM_GCC_541\Debug\AY1920_II_HW_05_PROJ_3.a(I2C_Master_INT.o)
                0x00000918                I2C_Master_ISR
 .text.I2C_Master_MasterSendStart
                0x00000be8       0x80 .\CortexM3\ARM_GCC_541\Debug\AY1920_II_HW_05_PROJ_3.a(I2C_Master_MASTER.o)
                0x00000be8                I2C_Master_MasterSendStart
 .text.I2C_Master_MasterSendRestart
                0x00000c68       0x6c .\CortexM3\ARM_GCC_541\Debug\AY1920_II_HW_05_PROJ_3.a(I2C_Master_MASTER.o)
                0x00000c68                I2C_Master_MasterSendRestart
 .text.I2C_Master_MasterSendStop
                0x00000cd4       0x38 .\CortexM3\ARM_GCC_541\Debug\AY1920_II_HW_05_PROJ_3.a(I2C_Master_MASTER.o)
                0x00000cd4                I2C_Master_MasterSendStop
 .text.I2C_Master_MasterWriteByte
                0x00000d0c       0x58 .\CortexM3\ARM_GCC_541\Debug\AY1920_II_HW_05_PROJ_3.a(I2C_Master_MASTER.o)
                0x00000d0c                I2C_Master_MasterWriteByte
 .text.I2C_Master_MasterReadByte
                0x00000d64       0x58 .\CortexM3\ARM_GCC_541\Debug\AY1920_II_HW_05_PROJ_3.a(I2C_Master_MASTER.o)
                0x00000d64                I2C_Master_MasterReadByte
 .text.UART_Debug_IntClock_Start
                0x00000dbc       0x1c .\CortexM3\ARM_GCC_541\Debug\AY1920_II_HW_05_PROJ_3.a(UART_Debug_IntClock.o)
                0x00000dbc                UART_Debug_IntClock_Start
 .text.CyHalt   0x00000dd8        0x4 .\CortexM3\ARM_GCC_541\Debug\AY1920_II_HW_05_PROJ_3.a(CyLib.o)
                0x00000dd8                CyHalt
 .text.CyDelay  0x00000ddc       0x2c .\CortexM3\ARM_GCC_541\Debug\AY1920_II_HW_05_PROJ_3.a(CyLib.o)
                0x00000ddc                CyDelay
 .text.CyIntSetVector
                0x00000e08       0x28 .\CortexM3\ARM_GCC_541\Debug\AY1920_II_HW_05_PROJ_3.a(CyLib.o)
                0x00000e08                CyIntSetVector
 .text.CyIntSetPriority
                0x00000e30       0x30 .\CortexM3\ARM_GCC_541\Debug\AY1920_II_HW_05_PROJ_3.a(CyLib.o)
                0x00000e30                CyIntSetPriority
 .text          0x00000e60       0x20 .\CortexM3\ARM_GCC_541\Debug\AY1920_II_HW_05_PROJ_3.a(CyBootAsmGnu.o)
                0x00000e60                CyDelayCycles
                0x00000e70                CyEnterCriticalSection
                0x00000e78                CyExitCriticalSection
 .text          0x00000e80      0x370 c:/program files (x86)/cypress/psoc creator/4.3/psoc creator/import/gnu/arm/5.4.1/bin/../lib/gcc/arm-none-eabi/5.4.1/armv7-m\libgcc.a(_arm_addsubdf3.o)
                0x00000e80                __aeabi_drsub
                0x00000e88                __aeabi_dsub
                0x00000e88                __subdf3
                0x00000e8c                __aeabi_dadd
                0x00000e8c                __adddf3
                0x00001104                __floatunsidf
                0x00001104                __aeabi_ui2d
                0x00001124                __floatsidf
                0x00001124                __aeabi_i2d
                0x00001148                __aeabi_f2d
                0x00001148                __extendsfdf2
                0x00001184                __floatundidf
                0x00001184                __aeabi_ul2d
                0x00001194                __floatdidf
                0x00001194                __aeabi_l2d
 .text          0x000011f0      0x424 c:/program files (x86)/cypress/psoc creator/4.3/psoc creator/import/gnu/arm/5.4.1/bin/../lib/gcc/arm-none-eabi/5.4.1/armv7-m\libgcc.a(_arm_muldivdf3.o)
                0x000011f0                __aeabi_dmul
                0x000011f0                __muldf3
                0x00001444                __divdf3
                0x00001444                __aeabi_ddiv
 .text          0x00001614       0xa0 c:/program files (x86)/cypress/psoc creator/4.3/psoc creator/import/gnu/arm/5.4.1/bin/../lib/gcc/arm-none-eabi/5.4.1/armv7-m\libgcc.a(_arm_truncdfsf2.o)
                0x00001614                __truncdfsf2
                0x00001614                __aeabi_d2f
 .text          0x000016b4      0x21c c:/program files (x86)/cypress/psoc creator/4.3/psoc creator/import/gnu/arm/5.4.1/bin/../lib/gcc/arm-none-eabi/5.4.1/armv7-m\libgcc.a(_arm_addsubsf3.o)
                0x000016b4                __aeabi_frsub
                0x000016bc                __subsf3
                0x000016bc                __aeabi_fsub
                0x000016c0                __aeabi_fadd
                0x000016c0                __addsf3
                0x00001820                __aeabi_ui2f
                0x00001820                __floatunsisf
                0x00001828                __aeabi_i2f
                0x00001828                __floatsisf
                0x00001844                __aeabi_ul2f
                0x00001844                __floatundisf
                0x00001854                __aeabi_l2f
                0x00001854                __floatdisf
 .text.__errno  0x000018d0        0xc c:/program files (x86)/cypress/psoc creator/4.3/psoc creator/import/gnu/arm/5.4.1/bin/../lib/gcc/arm-none-eabi/5.4.1/../../../../arm-none-eabi/lib/armv7-m\libg_nano.a(lib_a-errno.o)
                0x000018d0                __errno
 .text.__libc_init_array
                0x000018dc       0x4c c:/program files (x86)/cypress/psoc creator/4.3/psoc creator/import/gnu/arm/5.4.1/bin/../lib/gcc/arm-none-eabi/5.4.1/../../../../arm-none-eabi/lib/armv7-m\libg_nano.a(lib_a-init.o)
                0x000018dc                __libc_init_array
 .text.memcpy   0x00001928       0x16 c:/program files (x86)/cypress/psoc creator/4.3/psoc creator/import/gnu/arm/5.4.1/bin/../lib/gcc/arm-none-eabi/5.4.1/../../../../arm-none-eabi/lib/armv7-m\libg_nano.a(lib_a-memcpy-stub.o)
                0x00001928                memcpy
 .text.memset   0x0000193e       0x10 c:/program files (x86)/cypress/psoc creator/4.3/psoc creator/import/gnu/arm/5.4.1/bin/../lib/gcc/arm-none-eabi/5.4.1/../../../../arm-none-eabi/lib/armv7-m\libg_nano.a(lib_a-memset.o)
                0x0000193e                memset
 .text.__cvt    0x0000194e       0xc0 c:/program files (x86)/cypress/psoc creator/4.3/psoc creator/import/gnu/arm/5.4.1/bin/../lib/gcc/arm-none-eabi/5.4.1/../../../../arm-none-eabi/lib/armv7-m\libg_nano.a(lib_a-nano-vfprintf_float.o)
                0x0000194e                __cvt
 .text.__exponent
                0x00001a0e       0x62 c:/program files (x86)/cypress/psoc creator/4.3/psoc creator/import/gnu/arm/5.4.1/bin/../lib/gcc/arm-none-eabi/5.4.1/../../../../arm-none-eabi/lib/armv7-m\libg_nano.a(lib_a-nano-vfprintf_float.o)
                0x00001a0e                __exponent
 .text._printf_float
                0x00001a70      0x488 c:/program files (x86)/cypress/psoc creator/4.3/psoc creator/import/gnu/arm/5.4.1/bin/../lib/gcc/arm-none-eabi/5.4.1/../../../../arm-none-eabi/lib/armv7-m\libg_nano.a(lib_a-nano-vfprintf_float.o)
                0x00001a70                _printf_float
 .text._printf_common
                0x00001ef8       0xec c:/program files (x86)/cypress/psoc creator/4.3/psoc creator/import/gnu/arm/5.4.1/bin/../lib/gcc/arm-none-eabi/5.4.1/../../../../arm-none-eabi/lib/armv7-m\libg_nano.a(lib_a-nano-vfprintf_i.o)
                0x00001ef8                _printf_common
 .text._printf_i
                0x00001fe4      0x24c c:/program files (x86)/cypress/psoc creator/4.3/psoc creator/import/gnu/arm/5.4.1/bin/../lib/gcc/arm-none-eabi/5.4.1/../../../../arm-none-eabi/lib/armv7-m\libg_nano.a(lib_a-nano-vfprintf_i.o)
                0x00001fe4                _printf_i
 .text.sprintf  0x00002230       0x48 c:/program files (x86)/cypress/psoc creator/4.3/psoc creator/import/gnu/arm/5.4.1/bin/../lib/gcc/arm-none-eabi/5.4.1/../../../../arm-none-eabi/lib/armv7-m\libg_nano.a(lib_a-sprintf.o)
                0x00002230                siprintf
                0x00002230                sprintf
 .text          0x00002278       0x10 c:/program files (x86)/cypress/psoc creator/4.3/psoc creator/import/gnu/arm/5.4.1/bin/../lib/gcc/arm-none-eabi/5.4.1/../../../../arm-none-eabi/lib/armv7-m\libg_nano.a(lib_a-strlen.o)
                0x00002278                strlen
 .text.quorem   0x00002288      0x116 c:/program files (x86)/cypress/psoc creator/4.3/psoc creator/import/gnu/arm/5.4.1/bin/../lib/gcc/arm-none-eabi/5.4.1/../../../../arm-none-eabi/lib/armv7-m\libg_nano.a(lib_a-dtoa.o)
 *fill*         0x0000239e        0x2 
 .text._dtoa_r  0x000023a0      0xb30 c:/program files (x86)/cypress/psoc creator/4.3/psoc creator/import/gnu/arm/5.4.1/bin/../lib/gcc/arm-none-eabi/5.4.1/../../../../arm-none-eabi/lib/armv7-m\libg_nano.a(lib_a-dtoa.o)
                0x000023a0                _dtoa_r
 .text._localeconv_r
                0x00002ed0        0x8 c:/program files (x86)/cypress/psoc creator/4.3/psoc creator/import/gnu/arm/5.4.1/bin/../lib/gcc/arm-none-eabi/5.4.1/../../../../arm-none-eabi/lib/armv7-m\libg_nano.a(lib_a-locale.o)
                0x00002ed0                _localeconv_r
 .text.malloc   0x00002ed8       0x10 c:/program files (x86)/cypress/psoc creator/4.3/psoc creator/import/gnu/arm/5.4.1/bin/../lib/gcc/arm-none-eabi/5.4.1/../../../../arm-none-eabi/lib/armv7-m\libg_nano.a(lib_a-malloc.o)
                0x00002ed8                malloc
 .text.memchr   0x00002ee8       0x1c c:/program files (x86)/cypress/psoc creator/4.3/psoc creator/import/gnu/arm/5.4.1/bin/../lib/gcc/arm-none-eabi/5.4.1/../../../../arm-none-eabi/lib/armv7-m\libg_nano.a(lib_a-memchr-stub.o)
                0x00002ee8                memchr
 .text._Balloc  0x00002f04       0x6a c:/program files (x86)/cypress/psoc creator/4.3/psoc creator/import/gnu/arm/5.4.1/bin/../lib/gcc/arm-none-eabi/5.4.1/../../../../arm-none-eabi/lib/armv7-m\libg_nano.a(lib_a-mprec.o)
                0x00002f04                _Balloc
 .text._Bfree   0x00002f6e       0x2e c:/program files (x86)/cypress/psoc creator/4.3/psoc creator/import/gnu/arm/5.4.1/bin/../lib/gcc/arm-none-eabi/5.4.1/../../../../arm-none-eabi/lib/armv7-m\libg_nano.a(lib_a-mprec.o)
                0x00002f6e                _Bfree
 .text.__multadd
                0x00002f9c       0x76 c:/program files (x86)/cypress/psoc creator/4.3/psoc creator/import/gnu/arm/5.4.1/bin/../lib/gcc/arm-none-eabi/5.4.1/../../../../arm-none-eabi/lib/armv7-m\libg_nano.a(lib_a-mprec.o)
                0x00002f9c                __multadd
 .text.__hi0bits
                0x00003012       0x40 c:/program files (x86)/cypress/psoc creator/4.3/psoc creator/import/gnu/arm/5.4.1/bin/../lib/gcc/arm-none-eabi/5.4.1/../../../../arm-none-eabi/lib/armv7-m\libg_nano.a(lib_a-mprec.o)
                0x00003012                __hi0bits
 .text.__lo0bits
                0x00003052       0x5a c:/program files (x86)/cypress/psoc creator/4.3/psoc creator/import/gnu/arm/5.4.1/bin/../lib/gcc/arm-none-eabi/5.4.1/../../../../arm-none-eabi/lib/armv7-m\libg_nano.a(lib_a-mprec.o)
                0x00003052                __lo0bits
 .text.__i2b    0x000030ac       0x12 c:/program files (x86)/cypress/psoc creator/4.3/psoc creator/import/gnu/arm/5.4.1/bin/../lib/gcc/arm-none-eabi/5.4.1/../../../../arm-none-eabi/lib/armv7-m\libg_nano.a(lib_a-mprec.o)
                0x000030ac                __i2b
 .text.__multiply
                0x000030be      0x120 c:/program files (x86)/cypress/psoc creator/4.3/psoc creator/import/gnu/arm/5.4.1/bin/../lib/gcc/arm-none-eabi/5.4.1/../../../../arm-none-eabi/lib/armv7-m\libg_nano.a(lib_a-mprec.o)
                0x000030be                __multiply
 *fill*         0x000031de        0x2 
 .text.__pow5mult
                0x000031e0       0x9c c:/program files (x86)/cypress/psoc creator/4.3/psoc creator/import/gnu/arm/5.4.1/bin/../lib/gcc/arm-none-eabi/5.4.1/../../../../arm-none-eabi/lib/armv7-m\libg_nano.a(lib_a-mprec.o)
                0x000031e0                __pow5mult
 .text.__lshift
                0x0000327c       0xa2 c:/program files (x86)/cypress/psoc creator/4.3/psoc creator/import/gnu/arm/5.4.1/bin/../lib/gcc/arm-none-eabi/5.4.1/../../../../arm-none-eabi/lib/armv7-m\libg_nano.a(lib_a-mprec.o)
                0x0000327c                __lshift
 .text.__mcmp   0x0000331e       0x38 c:/program files (x86)/cypress/psoc creator/4.3/psoc creator/import/gnu/arm/5.4.1/bin/../lib/gcc/arm-none-eabi/5.4.1/../../../../arm-none-eabi/lib/armv7-m\libg_nano.a(lib_a-mprec.o)
                0x0000331e                __mcmp
 .text.__mdiff  0x00003356       0xbe c:/program files (x86)/cypress/psoc creator/4.3/psoc creator/import/gnu/arm/5.4.1/bin/../lib/gcc/arm-none-eabi/5.4.1/../../../../arm-none-eabi/lib/armv7-m\libg_nano.a(lib_a-mprec.o)
                0x00003356                __mdiff
 .text.__d2b    0x00003414       0x9c c:/program files (x86)/cypress/psoc creator/4.3/psoc creator/import/gnu/arm/5.4.1/bin/../lib/gcc/arm-none-eabi/5.4.1/../../../../arm-none-eabi/lib/armv7-m\libg_nano.a(lib_a-mprec.o)
                0x00003414                __d2b
 .text._calloc_r
                0x000034b0       0x1c c:/program files (x86)/cypress/psoc creator/4.3/psoc creator/import/gnu/arm/5.4.1/bin/../lib/gcc/arm-none-eabi/5.4.1/../../../../arm-none-eabi/lib/armv7-m\libg_nano.a(lib_a-nano-callocr.o)
                0x000034b0                _calloc_r
 .text._free_r  0x000034cc       0x98 c:/program files (x86)/cypress/psoc creator/4.3/psoc creator/import/gnu/arm/5.4.1/bin/../lib/gcc/arm-none-eabi/5.4.1/../../../../arm-none-eabi/lib/armv7-m\libg_nano.a(lib_a-nano-freer.o)
                0x000034cc                _free_r
 .text._malloc_r
                0x00003564       0xbc c:/program files (x86)/cypress/psoc creator/4.3/psoc creator/import/gnu/arm/5.4.1/bin/../lib/gcc/arm-none-eabi/5.4.1/../../../../arm-none-eabi/lib/armv7-m\libg_nano.a(lib_a-nano-mallocr.o)
                0x00003564                _malloc_r
 .text.__ssputs_r
                0x00003620       0xb2 c:/program files (x86)/cypress/psoc creator/4.3/psoc creator/import/gnu/arm/5.4.1/bin/../lib/gcc/arm-none-eabi/5.4.1/../../../../arm-none-eabi/lib/armv7-m\libg_nano.a(lib_a-nano-svfprintf.o)
                0x00003620                __ssputs_r
 *fill*         0x000036d2        0x2 
 .text._svfprintf_r
                0x000036d4      0x1e8 c:/program files (x86)/cypress/psoc creator/4.3/psoc creator/import/gnu/arm/5.4.1/bin/../lib/gcc/arm-none-eabi/5.4.1/../../../../arm-none-eabi/lib/armv7-m\libg_nano.a(lib_a-nano-svfprintf.o)
                0x000036d4                _svfiprintf_r
                0x000036d4                _svfprintf_r
 .text._sbrk_r  0x000038bc       0x20 c:/program files (x86)/cypress/psoc creator/4.3/psoc creator/import/gnu/arm/5.4.1/bin/../lib/gcc/arm-none-eabi/5.4.1/../../../../arm-none-eabi/lib/armv7-m\libg_nano.a(lib_a-sbrkr.o)
                0x000038bc                _sbrk_r
 .text.memmove  0x000038dc       0x36 c:/program files (x86)/cypress/psoc creator/4.3/psoc creator/import/gnu/arm/5.4.1/bin/../lib/gcc/arm-none-eabi/5.4.1/../../../../arm-none-eabi/lib/armv7-m\libg_nano.a(lib_a-memmove.o)
                0x000038dc                memmove
 .text.__malloc_lock
                0x00003912        0x2 c:/program files (x86)/cypress/psoc creator/4.3/psoc creator/import/gnu/arm/5.4.1/bin/../lib/gcc/arm-none-eabi/5.4.1/../../../../arm-none-eabi/lib/armv7-m\libg_nano.a(lib_a-mlock.o)
                0x00003912                __malloc_lock
 .text.__malloc_unlock
                0x00003914        0x2 c:/program files (x86)/cypress/psoc creator/4.3/psoc creator/import/gnu/arm/5.4.1/bin/../lib/gcc/arm-none-eabi/5.4.1/../../../../arm-none-eabi/lib/armv7-m\libg_nano.a(lib_a-mlock.o)
                0x00003914                __malloc_unlock
 .text._realloc_r
                0x00003916       0x4c c:/program files (x86)/cypress/psoc creator/4.3/psoc creator/import/gnu/arm/5.4.1/bin/../lib/gcc/arm-none-eabi/5.4.1/../../../../arm-none-eabi/lib/armv7-m\libg_nano.a(lib_a-nano-reallocr.o)
                0x00003916                _realloc_r
 .text._malloc_usable_size_r
                0x00003962       0x14 c:/program files (x86)/cypress/psoc creator/4.3/psoc creator/import/gnu/arm/5.4.1/bin/../lib/gcc/arm-none-eabi/5.4.1/../../../../arm-none-eabi/lib/armv7-m\libg_nano.a(lib_a-nano-msizer.o)
                0x00003962                _malloc_usable_size_r
 *fill*         0x00003976        0x2 
 .text          0x00003978      0x110 c:/program files (x86)/cypress/psoc creator/4.3/psoc creator/import/gnu/arm/5.4.1/bin/../lib/gcc/arm-none-eabi/5.4.1/armv7-m\libgcc.a(_arm_cmpdf2.o)
                0x00003978                __gtdf2
                0x00003978                __gedf2
                0x00003980                __ltdf2
                0x00003980                __ledf2
                0x00003988                __nedf2
                0x00003988                __eqdf2
                0x00003988                __cmpdf2
                0x00003a04                __aeabi_cdrcmple
                0x00003a14                __aeabi_cdcmpeq
                0x00003a14                __aeabi_cdcmple
                0x00003a24                __aeabi_dcmpeq
                0x00003a38                __aeabi_dcmplt
                0x00003a4c                __aeabi_dcmple
                0x00003a60                __aeabi_dcmpge
                0x00003a74                __aeabi_dcmpgt
 .text          0x00003a88       0x2c c:/program files (x86)/cypress/psoc creator/4.3/psoc creator/import/gnu/arm/5.4.1/bin/../lib/gcc/arm-none-eabi/5.4.1/armv7-m\libgcc.a(_arm_unorddf2.o)
                0x00003a88                __unorddf2
                0x00003a88                __aeabi_dcmpun
 .text          0x00003ab4       0x50 c:/program files (x86)/cypress/psoc creator/4.3/psoc creator/import/gnu/arm/5.4.1/bin/../lib/gcc/arm-none-eabi/5.4.1/armv7-m\libgcc.a(_arm_fixdfsi.o)
                0x00003ab4                __aeabi_d2iz
                0x00003ab4                __fixdfsi
 *(.plt)
 *(.gnu.warning)
 *(.glue_7t)
 .glue_7t       0x00003b04        0x0 linker stubs
 *(.glue_7)
 .glue_7        0x00003b04        0x0 linker stubs
 *(.vfp11_veneer)
 .vfp11_veneer  0x00003b04        0x0 linker stubs
 *(.bootloader)
 *(.ARM.extab* .gnu.linkonce.armextab.*)
 *(.gcc_except_table)

.v4_bx          0x00003b04        0x0
 .v4_bx         0x00003b04        0x0 linker stubs

.iplt           0x00003b04        0x0
 .iplt          0x00003b04        0x0 c:/program files (x86)/cypress/psoc creator/4.3/psoc creator/import/gnu/arm/5.4.1/bin/../lib/gcc/arm-none-eabi/5.4.1/armv7-m/crtbegin.o

.eh_frame_hdr
 *(.eh_frame_hdr)

.eh_frame       0x00003b04        0x4
 *(.eh_frame)
 .eh_frame      0x00003b04        0x0 c:/program files (x86)/cypress/psoc creator/4.3/psoc creator/import/gnu/arm/5.4.1/bin/../lib/gcc/arm-none-eabi/5.4.1/armv7-m/crtbegin.o
 .eh_frame      0x00003b04        0x4 c:/program files (x86)/cypress/psoc creator/4.3/psoc creator/import/gnu/arm/5.4.1/bin/../lib/gcc/arm-none-eabi/5.4.1/armv7-m/crtend.o
                [!provide]                PROVIDE (__exidx_start, .)

.ARM.exidx
 *(.ARM.exidx* .gnu.linkonce.armexidx.*)
                0x00003b08                __exidx_end = .

.rodata         0x00003b08      0x460
 *(.rodata .rodata.* .gnu.linkonce.r.*)
 .rodata.str1.4
                0x00003b08      0x278 .\CortexM3\ARM_GCC_541\Debug\main.o
                                0x275 (size before relaxing)
 .rodata        0x00003d80       0x50 .\CortexM3\ARM_GCC_541\Debug\cyfitter_cfg.o
 .rodata.str1.1
                0x00003dd0        0x2 c:/program files (x86)/cypress/psoc creator/4.3/psoc creator/import/gnu/arm/5.4.1/bin/../lib/gcc/arm-none-eabi/5.4.1/../../../../arm-none-eabi/lib/armv7-m\libg_nano.a(lib_a-impure.o)
 .rodata.str1.1
                0x00003dd2       0x12 c:/program files (x86)/cypress/psoc creator/4.3/psoc creator/import/gnu/arm/5.4.1/bin/../lib/gcc/arm-none-eabi/5.4.1/../../../../arm-none-eabi/lib/armv7-m\libg_nano.a(lib_a-nano-vfprintf_float.o)
 .rodata.str1.1
                0x00003de4       0x22 c:/program files (x86)/cypress/psoc creator/4.3/psoc creator/import/gnu/arm/5.4.1/bin/../lib/gcc/arm-none-eabi/5.4.1/../../../../arm-none-eabi/lib/armv7-m\libg_nano.a(lib_a-nano-vfprintf_i.o)
 .rodata.str1.1
                0x00003e06        0xd c:/program files (x86)/cypress/psoc creator/4.3/psoc creator/import/gnu/arm/5.4.1/bin/../lib/gcc/arm-none-eabi/5.4.1/../../../../arm-none-eabi/lib/armv7-m\libg_nano.a(lib_a-dtoa.o)
                                  0xf (size before relaxing)
 .rodata.str1.1
                0x00003e13        0x8 c:/program files (x86)/cypress/psoc creator/4.3/psoc creator/import/gnu/arm/5.4.1/bin/../lib/gcc/arm-none-eabi/5.4.1/../../../../arm-none-eabi/lib/armv7-m\libg_nano.a(lib_a-locale.o)
                                  0xb (size before relaxing)
 *fill*         0x00003e1b        0x5 
 .rodata.__mprec_tens
                0x00003e20       0xc8 c:/program files (x86)/cypress/psoc creator/4.3/psoc creator/import/gnu/arm/5.4.1/bin/../lib/gcc/arm-none-eabi/5.4.1/../../../../arm-none-eabi/lib/armv7-m\libg_nano.a(lib_a-mprec.o)
                0x00003e20                __mprec_tens
 .rodata.p05.5408
                0x00003ee8        0xc c:/program files (x86)/cypress/psoc creator/4.3/psoc creator/import/gnu/arm/5.4.1/bin/../lib/gcc/arm-none-eabi/5.4.1/../../../../arm-none-eabi/lib/armv7-m\libg_nano.a(lib_a-mprec.o)
 *fill*         0x00003ef4        0x4 
 .rodata.__mprec_bigtens
                0x00003ef8       0x28 c:/program files (x86)/cypress/psoc creator/4.3/psoc creator/import/gnu/arm/5.4.1/bin/../lib/gcc/arm-none-eabi/5.4.1/../../../../arm-none-eabi/lib/armv7-m\libg_nano.a(lib_a-mprec.o)
                0x00003ef8                __mprec_bigtens
 .rodata.str1.1
                0x00003f20       0x11 c:/program files (x86)/cypress/psoc creator/4.3/psoc creator/import/gnu/arm/5.4.1/bin/../lib/gcc/arm-none-eabi/5.4.1/../../../../arm-none-eabi/lib/armv7-m\libg_nano.a(lib_a-nano-svfprintf.o)
                0x00003f34                . = ALIGN (0x4)
 *fill*         0x00003f31        0x3 
 *(.init)
 .init          0x00003f34        0x4 c:/program files (x86)/cypress/psoc creator/4.3/psoc creator/import/gnu/arm/5.4.1/bin/../lib/gcc/arm-none-eabi/5.4.1/armv7-m/crti.o
                0x00003f34                _init
 .init          0x00003f38        0x8 c:/program files (x86)/cypress/psoc creator/4.3/psoc creator/import/gnu/arm/5.4.1/bin/../lib/gcc/arm-none-eabi/5.4.1/armv7-m/crtn.o
                0x00003f40                . = ALIGN (0x4)
                0x00003f40                __preinit_array_start = .
 *(.preinit_array)
                0x00003f40                __preinit_array_end = .
                0x00003f40                . = ALIGN (0x4)
                0x00003f40                __init_array_start = .
 *(SORT(.init_array.*))
 *(.init_array)
 .init_array    0x00003f40        0x4 c:/program files (x86)/cypress/psoc creator/4.3/psoc creator/import/gnu/arm/5.4.1/bin/../lib/gcc/arm-none-eabi/5.4.1/armv7-m/crtbegin.o
 .init_array    0x00003f44        0x4 .\CortexM3\ARM_GCC_541\Debug\Cm3Start.o
                0x00003f48                __init_array_end = .
                0x00003f48                . = ALIGN (0x4)
 *(.fini)
 .fini          0x00003f48        0x4 c:/program files (x86)/cypress/psoc creator/4.3/psoc creator/import/gnu/arm/5.4.1/bin/../lib/gcc/arm-none-eabi/5.4.1/armv7-m/crti.o
                0x00003f48                _fini
 .fini          0x00003f4c        0x8 c:/program files (x86)/cypress/psoc creator/4.3/psoc creator/import/gnu/arm/5.4.1/bin/../lib/gcc/arm-none-eabi/5.4.1/armv7-m/crtn.o
                0x00003f54                . = ALIGN (0x4)
                0x00003f54                __fini_array_start = .
 *(.fini_array)
 .fini_array    0x00003f54        0x4 c:/program files (x86)/cypress/psoc creator/4.3/psoc creator/import/gnu/arm/5.4.1/bin/../lib/gcc/arm-none-eabi/5.4.1/armv7-m/crtbegin.o
 *(SORT(.fini_array.*))
                0x00003f58                __fini_array_end = .
                0x00003f58                . = ALIGN (0x4)
 *crtbegin.o(.ctors)
 *(EXCLUDE_FILE(*crtend.o) .ctors)
 *(SORT(.ctors.*))
 *crtend.o(.ctors)
                0x00003f58                . = ALIGN (0x4)
 *crtbegin.o(.dtors)
 *(EXCLUDE_FILE(*crtend.o) .dtors)
 *(SORT(.dtors.*))
 *crtend.o(.dtors)
                0x00003f58                . = ALIGN (0x4)
                0x00003f58                __cy_regions = .
                0x00003f58        0x4 LONG 0x3f68 __cy_region_init_ram
                0x00003f5c        0x4 LONG 0x1fff80c8 __cy_region_start_data
                0x00003f60        0x4 LONG 0xb8 __cy_region_init_size_ram
                0x00003f64        0x4 LONG 0x40 __cy_region_zero_size_ram
                0x00003f68                __cy_regions_end = .
                0x00003f68                . = ALIGN (0x8)
                0x00003f68                _etext = .

.cy_checksum_exclude
                0x00003f68        0x0
 *(.cy_checksum_exclude)

.ramvectors     0x1fff8000       0xc0
                0x1fff8000                __cy_region_start_ram = .
 *(.ramvectors)
 .ramvectors    0x1fff8000       0xc0 .\CortexM3\ARM_GCC_541\Debug\Cm3Start.o
                0x1fff8000                CyRamVectors

.noinit         0x1fff80c0        0x1
 *(.noinit)
 .noinit        0x1fff80c0        0x1 .\CortexM3\ARM_GCC_541\Debug\AY1920_II_HW_05_PROJ_3.a(CyLib.o)
                0x1fff80c0                CyResetStatus

.data           0x1fff80c8       0xb8 load address 0x00003f68
                0x1fff80c8                __cy_region_start_data = .
 *(.jcr)
 .jcr           0x1fff80c8        0x0 c:/program files (x86)/cypress/psoc creator/4.3/psoc creator/import/gnu/arm/5.4.1/bin/../lib/gcc/arm-none-eabi/5.4.1/armv7-m/crtbegin.o
 .jcr           0x1fff80c8        0x4 c:/program files (x86)/cypress/psoc creator/4.3/psoc creator/import/gnu/arm/5.4.1/bin/../lib/gcc/arm-none-eabi/5.4.1/armv7-m/crtend.o
 *(.got.plt)
 *(.got)
 *(.shdata)
 *(.data .data.* .gnu.linkonce.d.*)
 .data          0x1fff80cc        0x4 .\CortexM3\ARM_GCC_541\Debug\Cm3Start.o
 .data          0x1fff80d0       0x10 .\CortexM3\ARM_GCC_541\Debug\AY1920_II_HW_05_PROJ_3.a(CyLib.o)
                0x1fff80d0                cydelay_32k_ms
                0x1fff80d4                cydelay_freq_khz
                0x1fff80d8                cydelay_freq_mhz
                0x1fff80dc                cydelay_freq_hz
 .data.impure_data
                0x1fff80e0       0x60 c:/program files (x86)/cypress/psoc creator/4.3/psoc creator/import/gnu/arm/5.4.1/bin/../lib/gcc/arm-none-eabi/5.4.1/../../../../arm-none-eabi/lib/armv7-m\libg_nano.a(lib_a-impure.o)
 .data._impure_ptr
                0x1fff8140        0x4 c:/program files (x86)/cypress/psoc creator/4.3/psoc creator/import/gnu/arm/5.4.1/bin/../lib/gcc/arm-none-eabi/5.4.1/../../../../arm-none-eabi/lib/armv7-m\libg_nano.a(lib_a-impure.o)
                0x1fff8140                _impure_ptr
 .data.lconv    0x1fff8144       0x38 c:/program files (x86)/cypress/psoc creator/4.3/psoc creator/import/gnu/arm/5.4.1/bin/../lib/gcc/arm-none-eabi/5.4.1/../../../../arm-none-eabi/lib/armv7-m\libg_nano.a(lib_a-locale.o)
                0x1fff8180                . = ALIGN (0x8)
 *fill*         0x1fff817c        0x4 
 *(.ram)
                0x1fff8180                _edata = .

.igot.plt       0x1fff8180        0x0 load address 0x00004020
 .igot.plt      0x1fff8180        0x0 c:/program files (x86)/cypress/psoc creator/4.3/psoc creator/import/gnu/arm/5.4.1/bin/../lib/gcc/arm-none-eabi/5.4.1/armv7-m/crtbegin.o

.bss            0x1fff8180       0x40 load address 0x00004020
                0x1fff8180                PROVIDE (__bss_start__, .)
 *(.shbss)
 *(.bss .bss.* .gnu.linkonce.b.*)
 .bss           0x1fff8180       0x1c c:/program files (x86)/cypress/psoc creator/4.3/psoc creator/import/gnu/arm/5.4.1/bin/../lib/gcc/arm-none-eabi/5.4.1/armv7-m/crtbegin.o
 .bss           0x1fff819c        0x2 .\CortexM3\ARM_GCC_541\Debug\AY1920_II_HW_05_PROJ_3.a(UART_Debug.o)
                0x1fff819c                UART_Debug_initVar
 .bss           0x1fff819e        0x1 .\CortexM3\ARM_GCC_541\Debug\AY1920_II_HW_05_PROJ_3.a(I2C_Master.o)
                0x1fff819e                I2C_Master_initVar
 *fill*         0x1fff819f        0x1 
 .bss.__malloc_sbrk_start
                0x1fff81a0        0x4 c:/program files (x86)/cypress/psoc creator/4.3/psoc creator/import/gnu/arm/5.4.1/bin/../lib/gcc/arm-none-eabi/5.4.1/../../../../arm-none-eabi/lib/armv7-m\libg_nano.a(lib_a-nano-mallocr.o)
                0x1fff81a0                __malloc_sbrk_start
 .bss.__malloc_free_list
                0x1fff81a4        0x4 c:/program files (x86)/cypress/psoc creator/4.3/psoc creator/import/gnu/arm/5.4.1/bin/../lib/gcc/arm-none-eabi/5.4.1/../../../../arm-none-eabi/lib/armv7-m\libg_nano.a(lib_a-nano-mallocr.o)
                0x1fff81a4                __malloc_free_list
 *(COMMON)
 COMMON         0x1fff81a8        0x1 .\CortexM3\ARM_GCC_541\Debug\AY1920_II_HW_05_PROJ_3.a(I2C_Master.o)
                0x1fff81a8                I2C_Master_state
 *fill*         0x1fff81a9        0x3 
 COMMON         0x1fff81ac        0xf .\CortexM3\ARM_GCC_541\Debug\AY1920_II_HW_05_PROJ_3.a(I2C_Master_MASTER.o)
                0x1fff81ac                I2C_Master_mstrRdBufIndex
                0x1fff81ad                I2C_Master_mstrWrBufIndex
                0x1fff81ae                I2C_Master_mstrWrBufSize
                0x1fff81b0                I2C_Master_mstrWrBufPtr
                0x1fff81b4                I2C_Master_mstrRdBufPtr
                0x1fff81b8                I2C_Master_mstrControl
                0x1fff81b9                I2C_Master_mstrStatus
                0x1fff81ba                I2C_Master_mstrRdBufSize
 *fill*         0x1fff81bb        0x1 
 COMMON         0x1fff81bc        0x4 c:/program files (x86)/cypress/psoc creator/4.3/psoc creator/import/gnu/arm/5.4.1/bin/../lib/gcc/arm-none-eabi/5.4.1/../../../../arm-none-eabi/lib/armv7-m\libg_nano.a(lib_a-reent.o)
                0x1fff81bc                errno
                0x1fff81c0                . = ALIGN (0x8)
 *(.ram.b)
                0x1fff81c0                _end = .
                0x1fff81c0                __end = .
                0x1fff81c0                PROVIDE (end, .)
                0x1fff81c0                PROVIDE (__bss_end__, .)
                0x00003f68                __cy_region_init_ram = LOADADDR (.data)
                0x000000b8                __cy_region_init_size_ram = (_edata - ADDR (.data))
                0x00000040                __cy_region_zero_size_ram = (_end - _edata)

.heap           0x1fff81c0      0x200 load address 0x00004020
                0x1fff81c0                . = _end
                0x1fff83c0                . = (. + 0x200)
 *fill*         0x1fff81c0      0x200 
                0x1fff83c0                __cy_heap_limit = .

.stack          0x20007800      0x800
                0x20007800                __cy_stack_limit = .
                0x20008000                . = (. + 0x800)
 *fill*         0x20007800      0x800 
                0x00000001                ASSERT ((__cy_stack_limit >= __cy_heap_limit), region RAM overflowed with stack)
                0x00000000                cy_checksum_exclude_size = (CY_APPL_LOADABLE == 0x1)?SIZEOF (.cy_checksum_exclude):0x0
                0x00000001                ASSERT ((cy_checksum_exclude_size <= CY_CHECKSUM_EXCLUDE_SIZE), CY_BOOT: Section .cy_checksum_exclude size exceedes specified limit.)

.cyloadermeta
 *(.cyloadermeta)

.cyloadablemeta
 *(.cyloadablemeta)

.cyconfigecc    0x80000000      0x38c
 *(.cyconfigecc)
 .cyconfigecc   0x80000000      0x38c .\CortexM3\ARM_GCC_541\Debug\cymetadata.o
                0x80000000                cy_meta_configecc

.cycustnvl      0x90000000        0x4
 *(.cycustnvl)
 .cycustnvl     0x90000000        0x4 .\CortexM3\ARM_GCC_541\Debug\cymetadata.o
                0x90000000                cy_meta_custnvl

.cywolatch      0x90100000        0x4
 *(.cywolatch)
 .cywolatch     0x90100000        0x4 .\CortexM3\ARM_GCC_541\Debug\cymetadata.o
                0x90100000                cy_meta_wonvl

.cyeeprom       0x90200000        0x0
 *(.cyeeprom)
                0x00000001                ASSERT ((. <= ((0x90200000 + ee_offset) + ee_size)), .cyeeprom data will not fit in EEPROM)

.cyflashprotect
                0x90400000      0x100
 *(.cyflashprotect)
 .cyflashprotect
                0x90400000      0x100 .\CortexM3\ARM_GCC_541\Debug\cymetadata.o
                0x90400000                cy_meta_flashprotect

.cymeta         0x90500000        0xc
 *(.cymeta)
 .cymeta        0x90500000        0xc .\CortexM3\ARM_GCC_541\Debug\cymetadata.o
                0x90500000                cy_metadata

.rel.dyn        0x00004020        0x0 load address 0x9050000c
 .rel.iplt      0x00004020        0x0 c:/program files (x86)/cypress/psoc creator/4.3/psoc creator/import/gnu/arm/5.4.1/bin/../lib/gcc/arm-none-eabi/5.4.1/armv7-m/crtbegin.o

.stab
 *(.stab)

.stabstr
 *(.stabstr)

.debug
 *(.debug)

.line
 *(.line)

.debug_srcinfo
 *(.debug_srcinfo)

.debug_sfnames
 *(.debug_sfnames)

.debug_aranges  0x00000000      0x7f8
 *(.debug_aranges)
 .debug_aranges
                0x00000000       0x20 .\CortexM3\ARM_GCC_541\Debug\main.o
 .debug_aranges
                0x00000020       0x50 .\CortexM3\ARM_GCC_541\Debug\I2C_Interface.o
 .debug_aranges
                0x00000070       0x58 .\CortexM3\ARM_GCC_541\Debug\cyfitter_cfg.o
 .debug_aranges
                0x000000c8       0x18 .\CortexM3\ARM_GCC_541\Debug\cymetadata.o
 .debug_aranges
                0x000000e0       0x48 .\CortexM3\ARM_GCC_541\Debug\Cm3Start.o
 .debug_aranges
                0x00000128       0xf0 .\CortexM3\ARM_GCC_541\Debug\AY1920_II_HW_05_PROJ_3.a(UART_Debug.o)
 .debug_aranges
                0x00000218       0x38 .\CortexM3\ARM_GCC_541\Debug\AY1920_II_HW_05_PROJ_3.a(I2C_Master.o)
 .debug_aranges
                0x00000250       0x20 .\CortexM3\ARM_GCC_541\Debug\AY1920_II_HW_05_PROJ_3.a(I2C_Master_INT.o)
 .debug_aranges
                0x00000270       0x38 .\CortexM3\ARM_GCC_541\Debug\AY1920_II_HW_05_PROJ_3.a(I2C_Master_PM.o)
 .debug_aranges
                0x000002a8       0x80 .\CortexM3\ARM_GCC_541\Debug\AY1920_II_HW_05_PROJ_3.a(I2C_Master_MASTER.o)
 .debug_aranges
                0x00000328       0x70 .\CortexM3\ARM_GCC_541\Debug\AY1920_II_HW_05_PROJ_3.a(UART_Debug_IntClock.o)
 .debug_aranges
                0x00000398      0x2a0 .\CortexM3\ARM_GCC_541\Debug\AY1920_II_HW_05_PROJ_3.a(CyLib.o)
 .debug_aranges
                0x00000638       0x98 .\CortexM3\ARM_GCC_541\Debug\AY1920_II_HW_05_PROJ_3.a(cyPm.o)
 .debug_aranges
                0x000006d0       0x20 .\CortexM3\ARM_GCC_541\Debug\AY1920_II_HW_05_PROJ_3.a(CyBootAsmGnu.o)
 .debug_aranges
                0x000006f0       0x88 .\CortexM3\ARM_GCC_541\Debug\AY1920_II_HW_05_PROJ_3.a(CyFlash.o)
 .debug_aranges
                0x00000778       0x80 .\CortexM3\ARM_GCC_541\Debug\AY1920_II_HW_05_PROJ_3.a(CySpc.o)

.debug_pubnames
 *(.debug_pubnames)

.debug_info     0x00000000     0x536e
 *(.debug_info .gnu.linkonce.wi.*)
 .debug_info    0x00000000      0x707 .\CortexM3\ARM_GCC_541\Debug\main.o
 .debug_info    0x00000707      0x4cc .\CortexM3\ARM_GCC_541\Debug\I2C_Interface.o
 .debug_info    0x00000bd3      0x5a8 .\CortexM3\ARM_GCC_541\Debug\cyfitter_cfg.o
 .debug_info    0x0000117b      0x135 .\CortexM3\ARM_GCC_541\Debug\cymetadata.o
 .debug_info    0x000012b0      0x3bb .\CortexM3\ARM_GCC_541\Debug\Cm3Start.o
 .debug_info    0x0000166b      0x60c .\CortexM3\ARM_GCC_541\Debug\AY1920_II_HW_05_PROJ_3.a(UART_Debug.o)
 .debug_info    0x00001c77      0x2ad .\CortexM3\ARM_GCC_541\Debug\AY1920_II_HW_05_PROJ_3.a(I2C_Master.o)
 .debug_info    0x00001f24      0x184 .\CortexM3\ARM_GCC_541\Debug\AY1920_II_HW_05_PROJ_3.a(I2C_Master_INT.o)
 .debug_info    0x000020a8      0x207 .\CortexM3\ARM_GCC_541\Debug\AY1920_II_HW_05_PROJ_3.a(I2C_Master_PM.o)
 .debug_info    0x000022af      0x407 .\CortexM3\ARM_GCC_541\Debug\AY1920_II_HW_05_PROJ_3.a(I2C_Master_MASTER.o)
 .debug_info    0x000026b6      0x283 .\CortexM3\ARM_GCC_541\Debug\AY1920_II_HW_05_PROJ_3.a(UART_Debug_IntClock.o)
 .debug_info    0x00002939     0x1374 .\CortexM3\ARM_GCC_541\Debug\AY1920_II_HW_05_PROJ_3.a(CyLib.o)
 .debug_info    0x00003cad      0xa2a .\CortexM3\ARM_GCC_541\Debug\AY1920_II_HW_05_PROJ_3.a(cyPm.o)
 .debug_info    0x000046d7       0xfa .\CortexM3\ARM_GCC_541\Debug\AY1920_II_HW_05_PROJ_3.a(CyBootAsmGnu.o)
 .debug_info    0x000047d1      0x64d .\CortexM3\ARM_GCC_541\Debug\AY1920_II_HW_05_PROJ_3.a(CyFlash.o)
 .debug_info    0x00004e1e      0x550 .\CortexM3\ARM_GCC_541\Debug\AY1920_II_HW_05_PROJ_3.a(CySpc.o)

.debug_abbrev   0x00000000     0x1496
 *(.debug_abbrev)
 .debug_abbrev  0x00000000      0x13b .\CortexM3\ARM_GCC_541\Debug\main.o
 .debug_abbrev  0x0000013b      0x10a .\CortexM3\ARM_GCC_541\Debug\I2C_Interface.o
 .debug_abbrev  0x00000245      0x20d .\CortexM3\ARM_GCC_541\Debug\cyfitter_cfg.o
 .debug_abbrev  0x00000452       0x66 .\CortexM3\ARM_GCC_541\Debug\cymetadata.o
 .debug_abbrev  0x000004b8      0x1e8 .\CortexM3\ARM_GCC_541\Debug\Cm3Start.o
 .debug_abbrev  0x000006a0      0x175 .\CortexM3\ARM_GCC_541\Debug\AY1920_II_HW_05_PROJ_3.a(UART_Debug.o)
 .debug_abbrev  0x00000815      0x10a .\CortexM3\ARM_GCC_541\Debug\AY1920_II_HW_05_PROJ_3.a(I2C_Master.o)
 .debug_abbrev  0x0000091f       0xb6 .\CortexM3\ARM_GCC_541\Debug\AY1920_II_HW_05_PROJ_3.a(I2C_Master_INT.o)
 .debug_abbrev  0x000009d5       0xfe .\CortexM3\ARM_GCC_541\Debug\AY1920_II_HW_05_PROJ_3.a(I2C_Master_PM.o)
 .debug_abbrev  0x00000ad3      0x13c .\CortexM3\ARM_GCC_541\Debug\AY1920_II_HW_05_PROJ_3.a(I2C_Master_MASTER.o)
 .debug_abbrev  0x00000c0f      0x139 .\CortexM3\ARM_GCC_541\Debug\AY1920_II_HW_05_PROJ_3.a(UART_Debug_IntClock.o)
 .debug_abbrev  0x00000d48      0x254 .\CortexM3\ARM_GCC_541\Debug\AY1920_II_HW_05_PROJ_3.a(CyLib.o)
 .debug_abbrev  0x00000f9c      0x1ab .\CortexM3\ARM_GCC_541\Debug\AY1920_II_HW_05_PROJ_3.a(cyPm.o)
 .debug_abbrev  0x00001147       0x14 .\CortexM3\ARM_GCC_541\Debug\AY1920_II_HW_05_PROJ_3.a(CyBootAsmGnu.o)
 .debug_abbrev  0x0000115b      0x1a7 .\CortexM3\ARM_GCC_541\Debug\AY1920_II_HW_05_PROJ_3.a(CyFlash.o)
 .debug_abbrev  0x00001302      0x194 .\CortexM3\ARM_GCC_541\Debug\AY1920_II_HW_05_PROJ_3.a(CySpc.o)

.debug_line     0x00000000     0x23a9
 *(.debug_line)
 .debug_line    0x00000000      0x27b .\CortexM3\ARM_GCC_541\Debug\main.o
 .debug_line    0x0000027b      0x23b .\CortexM3\ARM_GCC_541\Debug\I2C_Interface.o
 .debug_line    0x000004b6      0x1f3 .\CortexM3\ARM_GCC_541\Debug\cyfitter_cfg.o
 .debug_line    0x000006a9      0x141 .\CortexM3\ARM_GCC_541\Debug\cymetadata.o
 .debug_line    0x000007ea      0x234 .\CortexM3\ARM_GCC_541\Debug\Cm3Start.o
 .debug_line    0x00000a1e      0x2c8 .\CortexM3\ARM_GCC_541\Debug\AY1920_II_HW_05_PROJ_3.a(UART_Debug.o)
 .debug_line    0x00000ce6       0xee .\CortexM3\ARM_GCC_541\Debug\AY1920_II_HW_05_PROJ_3.a(I2C_Master.o)
 .debug_line    0x00000dd4      0x122 .\CortexM3\ARM_GCC_541\Debug\AY1920_II_HW_05_PROJ_3.a(I2C_Master_INT.o)
 .debug_line    0x00000ef6       0xc9 .\CortexM3\ARM_GCC_541\Debug\AY1920_II_HW_05_PROJ_3.a(I2C_Master_PM.o)
 .debug_line    0x00000fbf      0x20b .\CortexM3\ARM_GCC_541\Debug\AY1920_II_HW_05_PROJ_3.a(I2C_Master_MASTER.o)
 .debug_line    0x000011ca      0x182 .\CortexM3\ARM_GCC_541\Debug\AY1920_II_HW_05_PROJ_3.a(UART_Debug_IntClock.o)
 .debug_line    0x0000134c      0x816 .\CortexM3\ARM_GCC_541\Debug\AY1920_II_HW_05_PROJ_3.a(CyLib.o)
 .debug_line    0x00001b62      0x367 .\CortexM3\ARM_GCC_541\Debug\AY1920_II_HW_05_PROJ_3.a(cyPm.o)
 .debug_line    0x00001ec9       0x66 .\CortexM3\ARM_GCC_541\Debug\AY1920_II_HW_05_PROJ_3.a(CyBootAsmGnu.o)
 .debug_line    0x00001f2f      0x21a .\CortexM3\ARM_GCC_541\Debug\AY1920_II_HW_05_PROJ_3.a(CyFlash.o)
 .debug_line    0x00002149      0x260 .\CortexM3\ARM_GCC_541\Debug\AY1920_II_HW_05_PROJ_3.a(CySpc.o)

.debug_frame    0x00000000     0x1cd0
 *(.debug_frame)
 .debug_frame   0x00000000       0x30 .\CortexM3\ARM_GCC_541\Debug\main.o
 .debug_frame   0x00000030       0xfc .\CortexM3\ARM_GCC_541\Debug\I2C_Interface.o
 .debug_frame   0x0000012c       0xe4 .\CortexM3\ARM_GCC_541\Debug\cyfitter_cfg.o
 .debug_frame   0x00000210       0xb8 .\CortexM3\ARM_GCC_541\Debug\Cm3Start.o
 .debug_frame   0x000002c8      0x250 .\CortexM3\ARM_GCC_541\Debug\AY1920_II_HW_05_PROJ_3.a(UART_Debug.o)
 .debug_frame   0x00000518       0x94 .\CortexM3\ARM_GCC_541\Debug\AY1920_II_HW_05_PROJ_3.a(I2C_Master.o)
 .debug_frame   0x000005ac       0x30 .\CortexM3\ARM_GCC_541\Debug\AY1920_II_HW_05_PROJ_3.a(I2C_Master_INT.o)
 .debug_frame   0x000005dc       0x74 .\CortexM3\ARM_GCC_541\Debug\AY1920_II_HW_05_PROJ_3.a(I2C_Master_PM.o)
 .debug_frame   0x00000650      0x138 .\CortexM3\ARM_GCC_541\Debug\AY1920_II_HW_05_PROJ_3.a(I2C_Master_MASTER.o)
 .debug_frame   0x00000788       0xe0 .\CortexM3\ARM_GCC_541\Debug\AY1920_II_HW_05_PROJ_3.a(UART_Debug_IntClock.o)
 .debug_frame   0x00000868      0x738 .\CortexM3\ARM_GCC_541\Debug\AY1920_II_HW_05_PROJ_3.a(CyLib.o)
 .debug_frame   0x00000fa0      0x1f8 .\CortexM3\ARM_GCC_541\Debug\AY1920_II_HW_05_PROJ_3.a(cyPm.o)
 .debug_frame   0x00001198      0x194 .\CortexM3\ARM_GCC_541\Debug\AY1920_II_HW_05_PROJ_3.a(CyFlash.o)
 .debug_frame   0x0000132c      0x180 .\CortexM3\ARM_GCC_541\Debug\AY1920_II_HW_05_PROJ_3.a(CySpc.o)
 .debug_frame   0x000014ac       0x20 c:/program files (x86)/cypress/psoc creator/4.3/psoc creator/import/gnu/arm/5.4.1/bin/../lib/gcc/arm-none-eabi/5.4.1/../../../../arm-none-eabi/lib/armv7-m\libg_nano.a(lib_a-errno.o)
 .debug_frame   0x000014cc       0x28 c:/program files (x86)/cypress/psoc creator/4.3/psoc creator/import/gnu/arm/5.4.1/bin/../lib/gcc/arm-none-eabi/5.4.1/../../../../arm-none-eabi/lib/armv7-m\libg_nano.a(lib_a-exit.o)
 .debug_frame   0x000014f4       0x2c c:/program files (x86)/cypress/psoc creator/4.3/psoc creator/import/gnu/arm/5.4.1/bin/../lib/gcc/arm-none-eabi/5.4.1/../../../../arm-none-eabi/lib/armv7-m\libg_nano.a(lib_a-init.o)
 .debug_frame   0x00001520       0x28 c:/program files (x86)/cypress/psoc creator/4.3/psoc creator/import/gnu/arm/5.4.1/bin/../lib/gcc/arm-none-eabi/5.4.1/../../../../arm-none-eabi/lib/armv7-m\libg_nano.a(lib_a-memcpy-stub.o)
 .debug_frame   0x00001548       0x20 c:/program files (x86)/cypress/psoc creator/4.3/psoc creator/import/gnu/arm/5.4.1/bin/../lib/gcc/arm-none-eabi/5.4.1/../../../../arm-none-eabi/lib/armv7-m\libg_nano.a(lib_a-memset.o)
 .debug_frame   0x00001568       0x8c c:/program files (x86)/cypress/psoc creator/4.3/psoc creator/import/gnu/arm/5.4.1/bin/../lib/gcc/arm-none-eabi/5.4.1/../../../../arm-none-eabi/lib/armv7-m\libg_nano.a(lib_a-nano-vfprintf_float.o)
 .debug_frame   0x000015f4       0x60 c:/program files (x86)/cypress/psoc creator/4.3/psoc creator/import/gnu/arm/5.4.1/bin/../lib/gcc/arm-none-eabi/5.4.1/../../../../arm-none-eabi/lib/armv7-m\libg_nano.a(lib_a-nano-vfprintf_i.o)
 .debug_frame   0x00001654       0x70 c:/program files (x86)/cypress/psoc creator/4.3/psoc creator/import/gnu/arm/5.4.1/bin/../lib/gcc/arm-none-eabi/5.4.1/../../../../arm-none-eabi/lib/armv7-m\libg_nano.a(lib_a-sprintf.o)
 .debug_frame   0x000016c4       0x6c c:/program files (x86)/cypress/psoc creator/4.3/psoc creator/import/gnu/arm/5.4.1/bin/../lib/gcc/arm-none-eabi/5.4.1/../../../../arm-none-eabi/lib/armv7-m\libg_nano.a(lib_a-dtoa.o)
 .debug_frame   0x00001730       0x98 c:/program files (x86)/cypress/psoc creator/4.3/psoc creator/import/gnu/arm/5.4.1/bin/../lib/gcc/arm-none-eabi/5.4.1/../../../../arm-none-eabi/lib/armv7-m\libg_nano.a(lib_a-locale.o)
 .debug_frame   0x000017c8       0x30 c:/program files (x86)/cypress/psoc creator/4.3/psoc creator/import/gnu/arm/5.4.1/bin/../lib/gcc/arm-none-eabi/5.4.1/../../../../arm-none-eabi/lib/armv7-m\libg_nano.a(lib_a-malloc.o)
 .debug_frame   0x000017f8       0x28 c:/program files (x86)/cypress/psoc creator/4.3/psoc creator/import/gnu/arm/5.4.1/bin/../lib/gcc/arm-none-eabi/5.4.1/../../../../arm-none-eabi/lib/armv7-m\libg_nano.a(lib_a-memchr-stub.o)
 .debug_frame   0x00001820      0x234 c:/program files (x86)/cypress/psoc creator/4.3/psoc creator/import/gnu/arm/5.4.1/bin/../lib/gcc/arm-none-eabi/5.4.1/../../../../arm-none-eabi/lib/armv7-m\libg_nano.a(lib_a-mprec.o)
 .debug_frame   0x00001a54       0x2c c:/program files (x86)/cypress/psoc creator/4.3/psoc creator/import/gnu/arm/5.4.1/bin/../lib/gcc/arm-none-eabi/5.4.1/../../../../arm-none-eabi/lib/armv7-m\libg_nano.a(lib_a-nano-callocr.o)
 .debug_frame   0x00001a80       0x38 c:/program files (x86)/cypress/psoc creator/4.3/psoc creator/import/gnu/arm/5.4.1/bin/../lib/gcc/arm-none-eabi/5.4.1/../../../../arm-none-eabi/lib/armv7-m\libg_nano.a(lib_a-nano-freer.o)
 .debug_frame   0x00001ab8       0x2c c:/program files (x86)/cypress/psoc creator/4.3/psoc creator/import/gnu/arm/5.4.1/bin/../lib/gcc/arm-none-eabi/5.4.1/../../../../arm-none-eabi/lib/armv7-m\libg_nano.a(lib_a-nano-mallocr.o)
 .debug_frame   0x00001ae4       0x90 c:/program files (x86)/cypress/psoc creator/4.3/psoc creator/import/gnu/arm/5.4.1/bin/../lib/gcc/arm-none-eabi/5.4.1/../../../../arm-none-eabi/lib/armv7-m\libg_nano.a(lib_a-nano-svfprintf.o)
 .debug_frame   0x00001b74       0x2c c:/program files (x86)/cypress/psoc creator/4.3/psoc creator/import/gnu/arm/5.4.1/bin/../lib/gcc/arm-none-eabi/5.4.1/../../../../arm-none-eabi/lib/armv7-m\libg_nano.a(lib_a-sbrkr.o)
 .debug_frame   0x00001ba0       0x20 c:/program files (x86)/cypress/psoc creator/4.3/psoc creator/import/gnu/arm/5.4.1/bin/../lib/gcc/arm-none-eabi/5.4.1/../../../../arm-none-eabi/lib/armv7-m\libg_nano.a(lib_a-strcmp.o)
 .debug_frame   0x00001bc0       0x28 c:/program files (x86)/cypress/psoc creator/4.3/psoc creator/import/gnu/arm/5.4.1/bin/../lib/gcc/arm-none-eabi/5.4.1/../../../../arm-none-eabi/lib/armv7-m\libg_nano.a(lib_a-memmove.o)
 .debug_frame   0x00001be8       0x30 c:/program files (x86)/cypress/psoc creator/4.3/psoc creator/import/gnu/arm/5.4.1/bin/../lib/gcc/arm-none-eabi/5.4.1/../../../../arm-none-eabi/lib/armv7-m\libg_nano.a(lib_a-mlock.o)
 .debug_frame   0x00001c18       0x3c c:/program files (x86)/cypress/psoc creator/4.3/psoc creator/import/gnu/arm/5.4.1/bin/../lib/gcc/arm-none-eabi/5.4.1/../../../../arm-none-eabi/lib/armv7-m\libg_nano.a(lib_a-nano-reallocr.o)
 .debug_frame   0x00001c54       0x5c c:/program files (x86)/cypress/psoc creator/4.3/psoc creator/import/gnu/arm/5.4.1/bin/../lib/gcc/arm-none-eabi/5.4.1/../../../../arm-none-eabi/lib/armv7-m\libg_nano.a(lib_a-reent.o)
 .debug_frame   0x00001cb0       0x20 c:/program files (x86)/cypress/psoc creator/4.3/psoc creator/import/gnu/arm/5.4.1/bin/../lib/gcc/arm-none-eabi/5.4.1/../../../../arm-none-eabi/lib/armv7-m\libg_nano.a(lib_a-nano-msizer.o)

.debug_str      0x00000000     0x1ed3
 *(.debug_str)
 .debug_str     0x00000000      0x321 .\CortexM3\ARM_GCC_541\Debug\main.o
                                0x38b (size before relaxing)
 .debug_str     0x00000321      0x114 .\CortexM3\ARM_GCC_541\Debug\I2C_Interface.o
                                0x395 (size before relaxing)
 .debug_str     0x00000435      0x25c .\CortexM3\ARM_GCC_541\Debug\cyfitter_cfg.o
                                0x3ae (size before relaxing)
 .debug_str     0x00000691       0x75 .\CortexM3\ARM_GCC_541\Debug\cymetadata.o
                                0x24e (size before relaxing)
 .debug_str     0x00000706      0x144 .\CortexM3\ARM_GCC_541\Debug\Cm3Start.o
                                0x374 (size before relaxing)
 .debug_str     0x0000084a      0x354 .\CortexM3\ARM_GCC_541\Debug\AY1920_II_HW_05_PROJ_3.a(UART_Debug.o)
                                0x599 (size before relaxing)
 .debug_str     0x00000b9e      0x13f .\CortexM3\ARM_GCC_541\Debug\AY1920_II_HW_05_PROJ_3.a(I2C_Master.o)
                                0x39f (size before relaxing)
 .debug_str     0x00000cdd       0xb7 .\CortexM3\ARM_GCC_541\Debug\AY1920_II_HW_05_PROJ_3.a(I2C_Master_INT.o)
                                0x316 (size before relaxing)
 .debug_str     0x00000d94       0x79 .\CortexM3\ARM_GCC_541\Debug\AY1920_II_HW_05_PROJ_3.a(I2C_Master_PM.o)
                                0x326 (size before relaxing)
 .debug_str     0x00000e0d      0x150 .\CortexM3\ARM_GCC_541\Debug\AY1920_II_HW_05_PROJ_3.a(I2C_Master_MASTER.o)
                                0x4af (size before relaxing)
 .debug_str     0x00000f5d      0x1bf .\CortexM3\ARM_GCC_541\Debug\AY1920_II_HW_05_PROJ_3.a(UART_Debug_IntClock.o)
                                0x3e8 (size before relaxing)
 .debug_str     0x0000111c      0x7eb .\CortexM3\ARM_GCC_541\Debug\AY1920_II_HW_05_PROJ_3.a(CyLib.o)
                                0xab1 (size before relaxing)
 .debug_str     0x00001907      0x365 .\CortexM3\ARM_GCC_541\Debug\AY1920_II_HW_05_PROJ_3.a(cyPm.o)
                                0x79d (size before relaxing)
 .debug_str     0x00001c6c      0x1bb .\CortexM3\ARM_GCC_541\Debug\AY1920_II_HW_05_PROJ_3.a(CyFlash.o)
                                0x42a (size before relaxing)
 .debug_str     0x00001e27       0xac .\CortexM3\ARM_GCC_541\Debug\AY1920_II_HW_05_PROJ_3.a(CySpc.o)
                                0x3a2 (size before relaxing)

.debug_loc      0x00000000     0x28e8
 *(.debug_loc)
 .debug_loc     0x00000000      0x1f4 .\CortexM3\ARM_GCC_541\Debug\main.o
 .debug_loc     0x000001f4      0x353 .\CortexM3\ARM_GCC_541\Debug\I2C_Interface.o
 .debug_loc     0x00000547      0x289 .\CortexM3\ARM_GCC_541\Debug\cyfitter_cfg.o
 .debug_loc     0x000007d0      0x144 .\CortexM3\ARM_GCC_541\Debug\Cm3Start.o
 .debug_loc     0x00000914      0x258 .\CortexM3\ARM_GCC_541\Debug\AY1920_II_HW_05_PROJ_3.a(UART_Debug.o)
 .debug_loc     0x00000b6c       0x39 .\CortexM3\ARM_GCC_541\Debug\AY1920_II_HW_05_PROJ_3.a(I2C_Master.o)
 .debug_loc     0x00000ba5       0x29 .\CortexM3\ARM_GCC_541\Debug\AY1920_II_HW_05_PROJ_3.a(I2C_Master_INT.o)
 .debug_loc     0x00000bce       0x13 .\CortexM3\ARM_GCC_541\Debug\AY1920_II_HW_05_PROJ_3.a(I2C_Master_PM.o)
 .debug_loc     0x00000be1      0x52f .\CortexM3\ARM_GCC_541\Debug\AY1920_II_HW_05_PROJ_3.a(I2C_Master_MASTER.o)
 .debug_loc     0x00001110      0x12c .\CortexM3\ARM_GCC_541\Debug\AY1920_II_HW_05_PROJ_3.a(UART_Debug_IntClock.o)
 .debug_loc     0x0000123c      0xa11 .\CortexM3\ARM_GCC_541\Debug\AY1920_II_HW_05_PROJ_3.a(CyLib.o)
 .debug_loc     0x00001c4d      0x1e4 .\CortexM3\ARM_GCC_541\Debug\AY1920_II_HW_05_PROJ_3.a(cyPm.o)
 .debug_loc     0x00001e31      0x3b2 .\CortexM3\ARM_GCC_541\Debug\AY1920_II_HW_05_PROJ_3.a(CyFlash.o)
 .debug_loc     0x000021e3      0x705 .\CortexM3\ARM_GCC_541\Debug\AY1920_II_HW_05_PROJ_3.a(CySpc.o)

.debug_macinfo
 *(.debug_macinfo)

.debug_ranges   0x00000000      0x6e0
 *(.debug_ranges)
 .debug_ranges  0x00000000       0x10 .\CortexM3\ARM_GCC_541\Debug\main.o
 .debug_ranges  0x00000010       0x40 .\CortexM3\ARM_GCC_541\Debug\I2C_Interface.o
 .debug_ranges  0x00000050       0x48 .\CortexM3\ARM_GCC_541\Debug\cyfitter_cfg.o
 .debug_ranges  0x00000098       0x38 .\CortexM3\ARM_GCC_541\Debug\Cm3Start.o
 .debug_ranges  0x000000d0       0xe0 .\CortexM3\ARM_GCC_541\Debug\AY1920_II_HW_05_PROJ_3.a(UART_Debug.o)
 .debug_ranges  0x000001b0       0x28 .\CortexM3\ARM_GCC_541\Debug\AY1920_II_HW_05_PROJ_3.a(I2C_Master.o)
 .debug_ranges  0x000001d8       0x10 .\CortexM3\ARM_GCC_541\Debug\AY1920_II_HW_05_PROJ_3.a(I2C_Master_INT.o)
 .debug_ranges  0x000001e8       0x28 .\CortexM3\ARM_GCC_541\Debug\AY1920_II_HW_05_PROJ_3.a(I2C_Master_PM.o)
 .debug_ranges  0x00000210       0x70 .\CortexM3\ARM_GCC_541\Debug\AY1920_II_HW_05_PROJ_3.a(I2C_Master_MASTER.o)
 .debug_ranges  0x00000280       0x60 .\CortexM3\ARM_GCC_541\Debug\AY1920_II_HW_05_PROJ_3.a(UART_Debug_IntClock.o)
 .debug_ranges  0x000002e0      0x290 .\CortexM3\ARM_GCC_541\Debug\AY1920_II_HW_05_PROJ_3.a(CyLib.o)
 .debug_ranges  0x00000570       0x88 .\CortexM3\ARM_GCC_541\Debug\AY1920_II_HW_05_PROJ_3.a(cyPm.o)
 .debug_ranges  0x000005f8       0x78 .\CortexM3\ARM_GCC_541\Debug\AY1920_II_HW_05_PROJ_3.a(CyFlash.o)
 .debug_ranges  0x00000670       0x70 .\CortexM3\ARM_GCC_541\Debug\AY1920_II_HW_05_PROJ_3.a(CySpc.o)

.comment        0x00000000       0x6e
 .comment       0x00000000       0x6e .\CortexM3\ARM_GCC_541\Debug\main.o
                                 0x6f (size before relaxing)
 .comment       0x0000006e       0x6f .\CortexM3\ARM_GCC_541\Debug\I2C_Interface.o
 .comment       0x0000006e       0x6f .\CortexM3\ARM_GCC_541\Debug\cyfitter_cfg.o
 .comment       0x0000006e       0x6f .\CortexM3\ARM_GCC_541\Debug\cymetadata.o
 .comment       0x0000006e       0x6f .\CortexM3\ARM_GCC_541\Debug\Cm3Start.o
 .comment       0x0000006e       0x6f .\CortexM3\ARM_GCC_541\Debug\AY1920_II_HW_05_PROJ_3.a(UART_Debug.o)
 .comment       0x0000006e       0x6f .\CortexM3\ARM_GCC_541\Debug\AY1920_II_HW_05_PROJ_3.a(I2C_Master.o)
 .comment       0x0000006e       0x6f .\CortexM3\ARM_GCC_541\Debug\AY1920_II_HW_05_PROJ_3.a(I2C_Master_INT.o)
 .comment       0x0000006e       0x6f .\CortexM3\ARM_GCC_541\Debug\AY1920_II_HW_05_PROJ_3.a(I2C_Master_PM.o)
 .comment       0x0000006e       0x6f .\CortexM3\ARM_GCC_541\Debug\AY1920_II_HW_05_PROJ_3.a(I2C_Master_MASTER.o)
 .comment       0x0000006e       0x6f .\CortexM3\ARM_GCC_541\Debug\AY1920_II_HW_05_PROJ_3.a(UART_Debug_IntClock.o)
 .comment       0x0000006e       0x6f .\CortexM3\ARM_GCC_541\Debug\AY1920_II_HW_05_PROJ_3.a(CyLib.o)
 .comment       0x0000006e       0x6f .\CortexM3\ARM_GCC_541\Debug\AY1920_II_HW_05_PROJ_3.a(cyPm.o)
 .comment       0x0000006e       0x6f .\CortexM3\ARM_GCC_541\Debug\AY1920_II_HW_05_PROJ_3.a(CyFlash.o)
 .comment       0x0000006e       0x6f .\CortexM3\ARM_GCC_541\Debug\AY1920_II_HW_05_PROJ_3.a(CySpc.o)

.debug_weaknames
 *(.debug_weaknames)

.debug_funcnames
 *(.debug_funcnames)

.debug_typenames
 *(.debug_typenames)

.debug_varnames
 *(.debug_varnames)

.note.gnu.arm.ident
 *(.note.gnu.arm.ident)

.ARM.attributes
                0x00000000       0x29
 *(.ARM.attributes)
 .ARM.attributes
                0x00000000       0x1d c:/program files (x86)/cypress/psoc creator/4.3/psoc creator/import/gnu/arm/5.4.1/bin/../lib/gcc/arm-none-eabi/5.4.1/armv7-m/crti.o
 .ARM.attributes
                0x0000001d       0x2d c:/program files (x86)/cypress/psoc creator/4.3/psoc creator/import/gnu/arm/5.4.1/bin/../lib/gcc/arm-none-eabi/5.4.1/armv7-m/crtbegin.o
 .ARM.attributes
                0x0000004a       0x1b c:/program files (x86)/cypress/psoc creator/4.3/psoc creator/import/gnu/arm/5.4.1/bin/../lib/gcc/arm-none-eabi/5.4.1/../../../../arm-none-eabi/lib/armv7-m/crt0.o
 .ARM.attributes
                0x00000065       0x33 .\CortexM3\ARM_GCC_541\Debug\main.o
 .ARM.attributes
                0x00000098       0x33 .\CortexM3\ARM_GCC_541\Debug\I2C_Interface.o
 .ARM.attributes
                0x000000cb       0x33 .\CortexM3\ARM_GCC_541\Debug\cyfitter_cfg.o
 .ARM.attributes
                0x000000fe       0x33 .\CortexM3\ARM_GCC_541\Debug\cymetadata.o
 .ARM.attributes
                0x00000131       0x33 .\CortexM3\ARM_GCC_541\Debug\Cm3Start.o
 .ARM.attributes
                0x00000164       0x33 .\CortexM3\ARM_GCC_541\Debug\AY1920_II_HW_05_PROJ_3.a(UART_Debug.o)
 .ARM.attributes
                0x00000197       0x33 .\CortexM3\ARM_GCC_541\Debug\AY1920_II_HW_05_PROJ_3.a(I2C_Master.o)
 .ARM.attributes
                0x000001ca       0x33 .\CortexM3\ARM_GCC_541\Debug\AY1920_II_HW_05_PROJ_3.a(I2C_Master_INT.o)
 .ARM.attributes
                0x000001fd       0x33 .\CortexM3\ARM_GCC_541\Debug\AY1920_II_HW_05_PROJ_3.a(I2C_Master_PM.o)
 .ARM.attributes
                0x00000230       0x33 .\CortexM3\ARM_GCC_541\Debug\AY1920_II_HW_05_PROJ_3.a(I2C_Master_MASTER.o)
 .ARM.attributes
                0x00000263       0x33 .\CortexM3\ARM_GCC_541\Debug\AY1920_II_HW_05_PROJ_3.a(UART_Debug_IntClock.o)
 .ARM.attributes
                0x00000296       0x33 .\CortexM3\ARM_GCC_541\Debug\AY1920_II_HW_05_PROJ_3.a(CyLib.o)
 .ARM.attributes
                0x000002c9       0x33 .\CortexM3\ARM_GCC_541\Debug\AY1920_II_HW_05_PROJ_3.a(cyPm.o)
 .ARM.attributes
                0x000002fc       0x21 .\CortexM3\ARM_GCC_541\Debug\AY1920_II_HW_05_PROJ_3.a(CyBootAsmGnu.o)
 .ARM.attributes
                0x0000031d       0x33 .\CortexM3\ARM_GCC_541\Debug\AY1920_II_HW_05_PROJ_3.a(CyFlash.o)
 .ARM.attributes
                0x00000350       0x33 .\CortexM3\ARM_GCC_541\Debug\AY1920_II_HW_05_PROJ_3.a(CySpc.o)
 .ARM.attributes
                0x00000383       0x1d c:/program files (x86)/cypress/psoc creator/4.3/psoc creator/import/gnu/arm/5.4.1/bin/../lib/gcc/arm-none-eabi/5.4.1/armv7-m\libgcc.a(_arm_addsubdf3.o)
 .ARM.attributes
                0x000003a0       0x1d c:/program files (x86)/cypress/psoc creator/4.3/psoc creator/import/gnu/arm/5.4.1/bin/../lib/gcc/arm-none-eabi/5.4.1/armv7-m\libgcc.a(_arm_muldivdf3.o)
 .ARM.attributes
                0x000003bd       0x1d c:/program files (x86)/cypress/psoc creator/4.3/psoc creator/import/gnu/arm/5.4.1/bin/../lib/gcc/arm-none-eabi/5.4.1/armv7-m\libgcc.a(_arm_truncdfsf2.o)
 .ARM.attributes
                0x000003da       0x1d c:/program files (x86)/cypress/psoc creator/4.3/psoc creator/import/gnu/arm/5.4.1/bin/../lib/gcc/arm-none-eabi/5.4.1/armv7-m\libgcc.a(_arm_addsubsf3.o)
 .ARM.attributes
                0x000003f7       0x2d c:/program files (x86)/cypress/psoc creator/4.3/psoc creator/import/gnu/arm/5.4.1/bin/../lib/gcc/arm-none-eabi/5.4.1/../../../../arm-none-eabi/lib/armv7-m\libg_nano.a(lib_a-errno.o)
 .ARM.attributes
                0x00000424       0x2d c:/program files (x86)/cypress/psoc creator/4.3/psoc creator/import/gnu/arm/5.4.1/bin/../lib/gcc/arm-none-eabi/5.4.1/../../../../arm-none-eabi/lib/armv7-m\libg_nano.a(lib_a-exit.o)
 .ARM.attributes
                0x00000451       0x2d c:/program files (x86)/cypress/psoc creator/4.3/psoc creator/import/gnu/arm/5.4.1/bin/../lib/gcc/arm-none-eabi/5.4.1/../../../../arm-none-eabi/lib/armv7-m\libg_nano.a(lib_a-impure.o)
 .ARM.attributes
                0x0000047e       0x2d c:/program files (x86)/cypress/psoc creator/4.3/psoc creator/import/gnu/arm/5.4.1/bin/../lib/gcc/arm-none-eabi/5.4.1/../../../../arm-none-eabi/lib/armv7-m\libg_nano.a(lib_a-init.o)
 .ARM.attributes
                0x000004ab       0x2d c:/program files (x86)/cypress/psoc creator/4.3/psoc creator/import/gnu/arm/5.4.1/bin/../lib/gcc/arm-none-eabi/5.4.1/../../../../arm-none-eabi/lib/armv7-m\libg_nano.a(lib_a-memcpy-stub.o)
 .ARM.attributes
                0x000004d8       0x2d c:/program files (x86)/cypress/psoc creator/4.3/psoc creator/import/gnu/arm/5.4.1/bin/../lib/gcc/arm-none-eabi/5.4.1/../../../../arm-none-eabi/lib/armv7-m\libg_nano.a(lib_a-memset.o)
 .ARM.attributes
                0x00000505       0x2d c:/program files (x86)/cypress/psoc creator/4.3/psoc creator/import/gnu/arm/5.4.1/bin/../lib/gcc/arm-none-eabi/5.4.1/../../../../arm-none-eabi/lib/armv7-m\libg_nano.a(lib_a-nano-vfprintf_float.o)
 .ARM.attributes
                0x00000532       0x2d c:/program files (x86)/cypress/psoc creator/4.3/psoc creator/import/gnu/arm/5.4.1/bin/../lib/gcc/arm-none-eabi/5.4.1/../../../../arm-none-eabi/lib/armv7-m\libg_nano.a(lib_a-nano-vfprintf_i.o)
 .ARM.attributes
                0x0000055f       0x2d c:/program files (x86)/cypress/psoc creator/4.3/psoc creator/import/gnu/arm/5.4.1/bin/../lib/gcc/arm-none-eabi/5.4.1/../../../../arm-none-eabi/lib/armv7-m\libg_nano.a(lib_a-sprintf.o)
 .ARM.attributes
                0x0000058c       0x17 c:/program files (x86)/cypress/psoc creator/4.3/psoc creator/import/gnu/arm/5.4.1/bin/../lib/gcc/arm-none-eabi/5.4.1/../../../../arm-none-eabi/lib/armv7-m\libg_nano.a(lib_a-strlen.o)
 .ARM.attributes
                0x000005a3       0x2d c:/program files (x86)/cypress/psoc creator/4.3/psoc creator/import/gnu/arm/5.4.1/bin/../lib/gcc/arm-none-eabi/5.4.1/../../../../arm-none-eabi/lib/armv7-m\libg_nano.a(lib_a-dtoa.o)
 .ARM.attributes
                0x000005d0       0x2d c:/program files (x86)/cypress/psoc creator/4.3/psoc creator/import/gnu/arm/5.4.1/bin/../lib/gcc/arm-none-eabi/5.4.1/../../../../arm-none-eabi/lib/armv7-m\libg_nano.a(lib_a-locale.o)
 .ARM.attributes
                0x000005fd       0x2d c:/program files (x86)/cypress/psoc creator/4.3/psoc creator/import/gnu/arm/5.4.1/bin/../lib/gcc/arm-none-eabi/5.4.1/../../../../arm-none-eabi/lib/armv7-m\libg_nano.a(lib_a-malloc.o)
 .ARM.attributes
                0x0000062a       0x2d c:/program files (x86)/cypress/psoc creator/4.3/psoc creator/import/gnu/arm/5.4.1/bin/../lib/gcc/arm-none-eabi/5.4.1/../../../../arm-none-eabi/lib/armv7-m\libg_nano.a(lib_a-memchr-stub.o)
 .ARM.attributes
                0x00000657       0x2d c:/program files (x86)/cypress/psoc creator/4.3/psoc creator/import/gnu/arm/5.4.1/bin/../lib/gcc/arm-none-eabi/5.4.1/../../../../arm-none-eabi/lib/armv7-m\libg_nano.a(lib_a-mprec.o)
 .ARM.attributes
                0x00000684       0x2d c:/program files (x86)/cypress/psoc creator/4.3/psoc creator/import/gnu/arm/5.4.1/bin/../lib/gcc/arm-none-eabi/5.4.1/../../../../arm-none-eabi/lib/armv7-m\libg_nano.a(lib_a-nano-callocr.o)
 .ARM.attributes
                0x000006b1       0x2d c:/program files (x86)/cypress/psoc creator/4.3/psoc creator/import/gnu/arm/5.4.1/bin/../lib/gcc/arm-none-eabi/5.4.1/../../../../arm-none-eabi/lib/armv7-m\libg_nano.a(lib_a-nano-freer.o)
 .ARM.attributes
                0x000006de       0x2d c:/program files (x86)/cypress/psoc creator/4.3/psoc creator/import/gnu/arm/5.4.1/bin/../lib/gcc/arm-none-eabi/5.4.1/../../../../arm-none-eabi/lib/armv7-m\libg_nano.a(lib_a-nano-mallocr.o)
 .ARM.attributes
                0x0000070b       0x2d c:/program files (x86)/cypress/psoc creator/4.3/psoc creator/import/gnu/arm/5.4.1/bin/../lib/gcc/arm-none-eabi/5.4.1/../../../../arm-none-eabi/lib/armv7-m\libg_nano.a(lib_a-nano-svfprintf.o)
 .ARM.attributes
                0x00000738       0x2d c:/program files (x86)/cypress/psoc creator/4.3/psoc creator/import/gnu/arm/5.4.1/bin/../lib/gcc/arm-none-eabi/5.4.1/../../../../arm-none-eabi/lib/armv7-m\libg_nano.a(lib_a-sbrkr.o)
 .ARM.attributes
                0x00000765       0x1b c:/program files (x86)/cypress/psoc creator/4.3/psoc creator/import/gnu/arm/5.4.1/bin/../lib/gcc/arm-none-eabi/5.4.1/../../../../arm-none-eabi/lib/armv7-m\libg_nano.a(lib_a-strcmp.o)
 .ARM.attributes
                0x00000780       0x2d c:/program files (x86)/cypress/psoc creator/4.3/psoc creator/import/gnu/arm/5.4.1/bin/../lib/gcc/arm-none-eabi/5.4.1/../../../../arm-none-eabi/lib/armv7-m\libg_nano.a(lib_a-memmove.o)
 .ARM.attributes
                0x000007ad       0x2d c:/program files (x86)/cypress/psoc creator/4.3/psoc creator/import/gnu/arm/5.4.1/bin/../lib/gcc/arm-none-eabi/5.4.1/../../../../arm-none-eabi/lib/armv7-m\libg_nano.a(lib_a-mlock.o)
 .ARM.attributes
                0x000007da       0x2d c:/program files (x86)/cypress/psoc creator/4.3/psoc creator/import/gnu/arm/5.4.1/bin/../lib/gcc/arm-none-eabi/5.4.1/../../../../arm-none-eabi/lib/armv7-m\libg_nano.a(lib_a-nano-reallocr.o)
 .ARM.attributes
                0x00000807       0x2d c:/program files (x86)/cypress/psoc creator/4.3/psoc creator/import/gnu/arm/5.4.1/bin/../lib/gcc/arm-none-eabi/5.4.1/../../../../arm-none-eabi/lib/armv7-m\libg_nano.a(lib_a-reent.o)
 .ARM.attributes
                0x00000834       0x2d c:/program files (x86)/cypress/psoc creator/4.3/psoc creator/import/gnu/arm/5.4.1/bin/../lib/gcc/arm-none-eabi/5.4.1/../../../../arm-none-eabi/lib/armv7-m\libg_nano.a(lib_a-nano-msizer.o)
 .ARM.attributes
                0x00000861       0x1d c:/program files (x86)/cypress/psoc creator/4.3/psoc creator/import/gnu/arm/5.4.1/bin/../lib/gcc/arm-none-eabi/5.4.1/armv7-m\libgcc.a(_arm_cmpdf2.o)
 .ARM.attributes
                0x0000087e       0x1d c:/program files (x86)/cypress/psoc creator/4.3/psoc creator/import/gnu/arm/5.4.1/bin/../lib/gcc/arm-none-eabi/5.4.1/armv7-m\libgcc.a(_arm_unorddf2.o)
 .ARM.attributes
                0x0000089b       0x1d c:/program files (x86)/cypress/psoc creator/4.3/psoc creator/import/gnu/arm/5.4.1/bin/../lib/gcc/arm-none-eabi/5.4.1/armv7-m\libgcc.a(_arm_fixdfsi.o)
 .ARM.attributes
                0x000008b8       0x2d c:/program files (x86)/cypress/psoc creator/4.3/psoc creator/import/gnu/arm/5.4.1/bin/../lib/gcc/arm-none-eabi/5.4.1/armv7-m/crtend.o
 .ARM.attributes
                0x000008e5       0x1d c:/program files (x86)/cypress/psoc creator/4.3/psoc creator/import/gnu/arm/5.4.1/bin/../lib/gcc/arm-none-eabi/5.4.1/armv7-m/crtn.o

/DISCARD/
 *(.note.GNU-stack)
OUTPUT(C:\Users\Mattia40\Desktop\git\PSoC_03_Complete\PSoC_03\AY1920_II_HW_05_PROJ_3.cydsn\CortexM3\ARM_GCC_541\Debug\AY1920_II_HW_05_PROJ_3.elf elf32-littlearm)
